35.238.93.116 - - [19/May/2024:12:35:13 +0500] "GET / HTTP/1.1" 200 596 "-" "Mozilla/5.0 (X11; Linux x86_64) AppleWebKit/537.36 (KHTML, like Gecko) Chrome/59.0.3071.104 Safari/537.36"
35.238.93.116 - - [19/May/2024:12:35:53 +0500] "GET / HTTP/1.1" 200 596 "-" "Mozilla/5.0 (X11; U; Linux i686; pt-PT; rv:1.9.2.3) Gecko/20100402 Iceweasel/3.6.3 (like Firefox/3.6.3) GTB7.0"
35.238.93.116 - - [19/May/2024:12:36:01 +0500] "GET / HTTP/1.1" 200 596 "-" "python-requests/2.31.0"
199.45.155.20 - - [19/May/2024:12:39:29 +0500] "GET / HTTP/1.1" 200 596 "-" "Mozilla/5.0 (compatible; CensysInspect/1.1; +https://about.censys.io/)"
206.189.231.200 - - [19/May/2024:13:18:15 +0500] "GET / HTTP/1.1" 200 596 "-" "Mozilla/5.0 (Linux; U; Android 4.0.3; en-us; KFTT Build/IML74K) AppleWebKit/535.19 (KHTML, like Gecko) Silk/2.1 Mobile Safari/535.19 Silk-Accelerated=true"
206.189.231.200 - - [19/May/2024:13:18:22 +0500] "GET / HTTP/1.1" 200 596 "-" "Mozilla/5.0 (Linux; U; Android 4.0.3; en-us; KFTT Build/IML74K) AppleWebKit/535.19 (KHTML, like Gecko) Silk/2.1 Mobile Safari/535.19 Silk-Accelerated=true"
188.119.112.182 - - [19/May/2024:15:01:15 +0500] "GET / HTTP/1.1" 200 596 "-" "python-requests/2.28.1"
54.245.135.140 - - [19/May/2024:15:27:25 +0500] "GET / HTTP/1.1" 200 596 "-" "Mozilla/5.0 (Windows NT 10.0; Win64; x64)AppleWebKit/537.36 (KHTML, like Gecko) Chrome/66.0.3359.181 Safari/537.36"
159.223.95.252 - - [19/May/2024:18:21:48 +0500] "GET / HTTP/1.0" 200 235 "-" "Mozilla/5.0 (Windows NT 10.0; Win64; x64) AppleWebKit/537.36 (KHTML, like Gecko) Chrome/95.0.4638.69 Safari/537.36"
159.223.95.252 - - [19/May/2024:18:21:48 +0500] "GET /wp-includes/ID3/license.txt HTTP/1.0" 404 1062 "-" "Mozilla/5.0 (Windows NT 10.0; Win64; x64) AppleWebKit/537.36 (KHTML, like Gecko) Chrome/95.0.4638.69 Safari/537.36"
159.223.95.252 - - [19/May/2024:18:21:48 +0500] "GET /feed/ HTTP/1.0" 404 1062 "-" "Mozilla/5.0 (Windows NT 10.0; Win64; x64) AppleWebKit/537.36 (KHTML, like Gecko) Chrome/95.0.4638.69 Safari/537.36"
159.223.95.252 - - [19/May/2024:18:21:48 +0500] "GET /xmlrpc.php?rsd HTTP/1.0" 404 1062 "-" "Mozilla/5.0 (Windows NT 10.0; Win64; x64) AppleWebKit/537.36 (KHTML, like Gecko) Chrome/95.0.4638.69 Safari/537.36"
159.223.95.252 - - [19/May/2024:18:21:48 +0500] "GET /blog/wp-includes/wlwmanifest.xml HTTP/1.0" 404 1062 "-" "Mozilla/5.0 (Windows NT 10.0; Win64; x64) AppleWebKit/537.36 (KHTML, like Gecko) Chrome/95.0.4638.69 Safari/537.36"
159.223.95.252 - - [19/May/2024:18:21:48 +0500] "GET /web/wp-includes/wlwmanifest.xml HTTP/1.0" 404 1062 "-" "Mozilla/5.0 (Windows NT 10.0; Win64; x64) AppleWebKit/537.36 (KHTML, like Gecko) Chrome/95.0.4638.69 Safari/537.36"
159.223.95.252 - - [19/May/2024:18:21:49 +0500] "GET /wordpress/wp-includes/wlwmanifest.xml HTTP/1.0" 404 1062 "-" "Mozilla/5.0 (Windows NT 10.0; Win64; x64) AppleWebKit/537.36 (KHTML, like Gecko) Chrome/95.0.4638.69 Safari/537.36"
159.223.95.252 - - [19/May/2024:18:21:49 +0500] "GET /wp/wp-includes/wlwmanifest.xml HTTP/1.0" 404 1062 "-" "Mozilla/5.0 (Windows NT 10.0; Win64; x64) AppleWebKit/537.36 (KHTML, like Gecko) Chrome/95.0.4638.69 Safari/537.36"
159.223.95.252 - - [19/May/2024:18:21:49 +0500] "GET /2020/wp-includes/wlwmanifest.xml HTTP/1.0" 404 1062 "-" "Mozilla/5.0 (Windows NT 10.0; Win64; x64) AppleWebKit/537.36 (KHTML, like Gecko) Chrome/95.0.4638.69 Safari/537.36"
159.223.95.252 - - [19/May/2024:18:21:49 +0500] "GET /2019/wp-includes/wlwmanifest.xml HTTP/1.0" 404 1062 "-" "Mozilla/5.0 (Windows NT 10.0; Win64; x64) AppleWebKit/537.36 (KHTML, like Gecko) Chrome/95.0.4638.69 Safari/537.36"
159.223.95.252 - - [19/May/2024:18:21:49 +0500] "GET /2021/wp-includes/wlwmanifest.xml HTTP/1.0" 404 1062 "-" "Mozilla/5.0 (Windows NT 10.0; Win64; x64) AppleWebKit/537.36 (KHTML, like Gecko) Chrome/95.0.4638.69 Safari/537.36"
159.223.95.252 - - [19/May/2024:18:21:49 +0500] "GET /shop/wp-includes/wlwmanifest.xml HTTP/1.0" 404 1062 "-" "Mozilla/5.0 (Windows NT 10.0; Win64; x64) AppleWebKit/537.36 (KHTML, like Gecko) Chrome/95.0.4638.69 Safari/537.36"
159.223.95.252 - - [19/May/2024:18:21:49 +0500] "GET /wp1/wp-includes/wlwmanifest.xml HTTP/1.0" 404 1062 "-" "Mozilla/5.0 (Windows NT 10.0; Win64; x64) AppleWebKit/537.36 (KHTML, like Gecko) Chrome/95.0.4638.69 Safari/537.36"
159.223.95.252 - - [19/May/2024:18:21:49 +0500] "GET /test/wp-includes/wlwmanifest.xml HTTP/1.0" 404 1062 "-" "Mozilla/5.0 (Windows NT 10.0; Win64; x64) AppleWebKit/537.36 (KHTML, like Gecko) Chrome/95.0.4638.69 Safari/537.36"
159.223.95.252 - - [19/May/2024:18:21:50 +0500] "GET /site/wp-includes/wlwmanifest.xml HTTP/1.0" 404 1062 "-" "Mozilla/5.0 (Windows NT 10.0; Win64; x64) AppleWebKit/537.36 (KHTML, like Gecko) Chrome/95.0.4638.69 Safari/537.36"
159.223.95.252 - - [19/May/2024:18:21:50 +0500] "GET /cms/wp-includes/wlwmanifest.xml HTTP/1.0" 404 1062 "-" "Mozilla/5.0 (Windows NT 10.0; Win64; x64) AppleWebKit/537.36 (KHTML, like Gecko) Chrome/95.0.4638.69 Safari/537.36"
94.247.172.129 - - [19/May/2024:19:02:41 +0500] "GET / HTTP/1.0" 200 235 "-" "Mozilla/5.0 (Macintosh; Intel Mac OS X 10_9_2)"
222.249.228.245 - - [19/May/2024:19:13:45 +0500] "GET /favicon.ico HTTP/1.0" 404 1062 "-" "Mozilla/5.0 (Windows NT 10.0; Win64; x64) AppleWebKit/537.36 (KHTML, like Gecko) Chrome/106.0.0.0 Safari/537.36 Edg/106.0.1370.37"
222.249.228.245 - - [19/May/2024:19:13:47 +0500] "GET / HTTP/1.0" 200 235 "-" "Mozilla/5.0 (Linux; Android 10; SM-G981B) AppleWebKit/537.36 (KHTML, like Gecko) Chrome/80.0.3987.162 Mobile Safari/537.36"
170.64.209.16 - - [19/May/2024:22:51:25 +0500] "GET / HTTP/1.0" 200 235 "-" "Mozilla/5.0 (Windows NT 10.0; Win64; x64) AppleWebKit/537.36 (KHTML, like Gecko) Chrome/89.0.4389.114 Safari/537.36"
170.64.209.16 - - [19/May/2024:22:51:26 +0500] "GET / HTTP/1.0" 200 235 "-" "Mozilla/5.0 (Windows NT 10.0; Win64; x64) AppleWebKit/537.36 (KHTML, like Gecko) Chrome/89.0.4389.114 Safari/537.36"
170.64.209.16 - - [19/May/2024:22:51:26 +0500] "GET /wp-includes/wlwmanifest.xml HTTP/1.0" 404 1062 "-" "Mozilla/5.0 (Windows NT 10.0; Win64; x64) AppleWebKit/537.36 (KHTML, like Gecko) Chrome/89.0.4389.114 Safari/537.36"
170.64.209.16 - - [19/May/2024:22:51:27 +0500] "GET /xmlrpc.php?rsd HTTP/1.0" 404 1062 "-" "Mozilla/5.0 (Windows NT 10.0; Win64; x64) AppleWebKit/537.36 (KHTML, like Gecko) Chrome/89.0.4389.114 Safari/537.36"
170.64.209.16 - - [19/May/2024:22:51:27 +0500] "GET / HTTP/1.0" 200 235 "-" "Mozilla/5.0 (Windows NT 10.0; Win64; x64) AppleWebKit/537.36 (KHTML, like Gecko) Chrome/89.0.4389.114 Safari/537.36"
170.64.209.16 - - [19/May/2024:22:51:28 +0500] "GET /blog/wp-includes/wlwmanifest.xml HTTP/1.0" 404 1062 "-" "Mozilla/5.0 (Windows NT 10.0; Win64; x64) AppleWebKit/537.36 (KHTML, like Gecko) Chrome/89.0.4389.114 Safari/537.36"
170.64.209.16 - - [19/May/2024:22:51:28 +0500] "GET /web/wp-includes/wlwmanifest.xml HTTP/1.0" 404 1062 "-" "Mozilla/5.0 (Windows NT 10.0; Win64; x64) AppleWebKit/537.36 (KHTML, like Gecko) Chrome/89.0.4389.114 Safari/537.36"
170.64.209.16 - - [19/May/2024:22:51:28 +0500] "GET /wordpress/wp-includes/wlwmanifest.xml HTTP/1.0" 404 1062 "-" "Mozilla/5.0 (Windows NT 10.0; Win64; x64) AppleWebKit/537.36 (KHTML, like Gecko) Chrome/89.0.4389.114 Safari/537.36"
170.64.209.16 - - [19/May/2024:22:51:28 +0500] "GET /website/wp-includes/wlwmanifest.xml HTTP/1.0" 404 1062 "-" "Mozilla/5.0 (Windows NT 10.0; Win64; x64) AppleWebKit/537.36 (KHTML, like Gecko) Chrome/89.0.4389.114 Safari/537.36"
170.64.209.16 - - [19/May/2024:22:51:29 +0500] "GET /wp/wp-includes/wlwmanifest.xml HTTP/1.0" 404 1062 "-" "Mozilla/5.0 (Windows NT 10.0; Win64; x64) AppleWebKit/537.36 (KHTML, like Gecko) Chrome/89.0.4389.114 Safari/537.36"
170.64.209.16 - - [19/May/2024:22:51:29 +0500] "GET /news/wp-includes/wlwmanifest.xml HTTP/1.0" 404 1062 "-" "Mozilla/5.0 (Windows NT 10.0; Win64; x64) AppleWebKit/537.36 (KHTML, like Gecko) Chrome/89.0.4389.114 Safari/537.36"
170.64.209.16 - - [19/May/2024:22:51:29 +0500] "GET /2020/wp-includes/wlwmanifest.xml HTTP/1.0" 404 1062 "-" "Mozilla/5.0 (Windows NT 10.0; Win64; x64) AppleWebKit/537.36 (KHTML, like Gecko) Chrome/89.0.4389.114 Safari/537.36"
170.64.209.16 - - [19/May/2024:22:51:30 +0500] "GET /2019/wp-includes/wlwmanifest.xml HTTP/1.0" 404 1062 "-" "Mozilla/5.0 (Windows NT 10.0; Win64; x64) AppleWebKit/537.36 (KHTML, like Gecko) Chrome/89.0.4389.114 Safari/537.36"
170.64.209.16 - - [19/May/2024:22:51:30 +0500] "GET /shop/wp-includes/wlwmanifest.xml HTTP/1.0" 404 1062 "-" "Mozilla/5.0 (Windows NT 10.0; Win64; x64) AppleWebKit/537.36 (KHTML, like Gecko) Chrome/89.0.4389.114 Safari/537.36"
170.64.209.16 - - [19/May/2024:22:51:30 +0500] "GET /wp1/wp-includes/wlwmanifest.xml HTTP/1.0" 404 1062 "-" "Mozilla/5.0 (Windows NT 10.0; Win64; x64) AppleWebKit/537.36 (KHTML, like Gecko) Chrome/89.0.4389.114 Safari/537.36"
170.64.209.16 - - [19/May/2024:22:51:31 +0500] "GET /test/wp-includes/wlwmanifest.xml HTTP/1.0" 404 1062 "-" "Mozilla/5.0 (Windows NT 10.0; Win64; x64) AppleWebKit/537.36 (KHTML, like Gecko) Chrome/89.0.4389.114 Safari/537.36"
170.64.209.16 - - [19/May/2024:22:51:31 +0500] "GET /wp2/wp-includes/wlwmanifest.xml HTTP/1.0" 404 1062 "-" "Mozilla/5.0 (Windows NT 10.0; Win64; x64) AppleWebKit/537.36 (KHTML, like Gecko) Chrome/89.0.4389.114 Safari/537.36"
170.64.209.16 - - [19/May/2024:22:51:31 +0500] "GET /site/wp-includes/wlwmanifest.xml HTTP/1.0" 404 1062 "-" "Mozilla/5.0 (Windows NT 10.0; Win64; x64) AppleWebKit/537.36 (KHTML, like Gecko) Chrome/89.0.4389.114 Safari/537.36"
170.64.209.16 - - [19/May/2024:22:51:31 +0500] "GET /cms/wp-includes/wlwmanifest.xml HTTP/1.0" 404 1062 "-" "Mozilla/5.0 (Windows NT 10.0; Win64; x64) AppleWebKit/537.36 (KHTML, like Gecko) Chrome/89.0.4389.114 Safari/537.36"
170.64.209.16 - - [19/May/2024:22:51:32 +0500] "GET /sito/wp-includes/wlwmanifest.xml HTTP/1.0" 404 1062 "-" "Mozilla/5.0 (Windows NT 10.0; Win64; x64) AppleWebKit/537.36 (KHTML, like Gecko) Chrome/89.0.4389.114 Safari/537.36"
170.64.193.243 - - [19/May/2024:23:02:39 +0500] "GET / HTTP/1.0" 200 235 "-" "Mozilla/5.0 (Windows NT 10.0; Win64; x64) AppleWebKit/537.36 (KHTML, like Gecko) Chrome/78.0.3904.108 Safari/537.36"
170.64.193.243 - - [19/May/2024:23:02:40 +0500] "GET / HTTP/1.0" 200 235 "-" "Mozilla/5.0 (Windows NT 10.0; Win64; x64) AppleWebKit/537.36 (KHTML, like Gecko) Chrome/78.0.3904.108 Safari/537.36"
170.64.193.243 - - [19/May/2024:23:02:40 +0500] "GET /wp-includes/wlwmanifest.xml HTTP/1.0" 404 1062 "-" "Mozilla/5.0 (Windows NT 10.0; Win64; x64) AppleWebKit/537.36 (KHTML, like Gecko) Chrome/78.0.3904.108 Safari/537.36"
170.64.193.243 - - [19/May/2024:23:02:41 +0500] "GET /xmlrpc.php?rsd HTTP/1.0" 404 1062 "-" "Mozilla/5.0 (Windows NT 10.0; Win64; x64) AppleWebKit/537.36 (KHTML, like Gecko) Chrome/78.0.3904.108 Safari/537.36"
170.64.193.243 - - [19/May/2024:23:02:41 +0500] "GET / HTTP/1.0" 200 235 "-" "Mozilla/5.0 (Windows NT 10.0; Win64; x64) AppleWebKit/537.36 (KHTML, like Gecko) Chrome/78.0.3904.108 Safari/537.36"
170.64.193.243 - - [19/May/2024:23:02:42 +0500] "GET /blog/wp-includes/wlwmanifest.xml HTTP/1.0" 404 1062 "-" "Mozilla/5.0 (Windows NT 10.0; Win64; x64) AppleWebKit/537.36 (KHTML, like Gecko) Chrome/78.0.3904.108 Safari/537.36"
170.64.193.243 - - [19/May/2024:23:02:42 +0500] "GET /web/wp-includes/wlwmanifest.xml HTTP/1.0" 404 1062 "-" "Mozilla/5.0 (Windows NT 10.0; Win64; x64) AppleWebKit/537.36 (KHTML, like Gecko) Chrome/78.0.3904.108 Safari/537.36"
170.64.193.243 - - [19/May/2024:23:02:42 +0500] "GET /wordpress/wp-includes/wlwmanifest.xml HTTP/1.0" 404 1062 "-" "Mozilla/5.0 (Windows NT 10.0; Win64; x64) AppleWebKit/537.36 (KHTML, like Gecko) Chrome/78.0.3904.108 Safari/537.36"
170.64.193.243 - - [19/May/2024:23:02:43 +0500] "GET /website/wp-includes/wlwmanifest.xml HTTP/1.0" 404 1062 "-" "Mozilla/5.0 (Windows NT 10.0; Win64; x64) AppleWebKit/537.36 (KHTML, like Gecko) Chrome/78.0.3904.108 Safari/537.36"
170.64.193.243 - - [19/May/2024:23:02:43 +0500] "GET /wp/wp-includes/wlwmanifest.xml HTTP/1.0" 404 1062 "-" "Mozilla/5.0 (Windows NT 10.0; Win64; x64) AppleWebKit/537.36 (KHTML, like Gecko) Chrome/78.0.3904.108 Safari/537.36"
170.64.193.243 - - [19/May/2024:23:02:43 +0500] "GET /news/wp-includes/wlwmanifest.xml HTTP/1.0" 404 1062 "-" "Mozilla/5.0 (Windows NT 10.0; Win64; x64) AppleWebKit/537.36 (KHTML, like Gecko) Chrome/78.0.3904.108 Safari/537.36"
170.64.193.243 - - [19/May/2024:23:02:43 +0500] "GET /2018/wp-includes/wlwmanifest.xml HTTP/1.0" 404 1062 "-" "Mozilla/5.0 (Windows NT 10.0; Win64; x64) AppleWebKit/537.36 (KHTML, like Gecko) Chrome/78.0.3904.108 Safari/537.36"
170.64.193.243 - - [19/May/2024:23:02:44 +0500] "GET /2019/wp-includes/wlwmanifest.xml HTTP/1.0" 404 1062 "-" "Mozilla/5.0 (Windows NT 10.0; Win64; x64) AppleWebKit/537.36 (KHTML, like Gecko) Chrome/78.0.3904.108 Safari/537.36"
170.64.193.243 - - [19/May/2024:23:02:44 +0500] "GET /shop/wp-includes/wlwmanifest.xml HTTP/1.0" 404 1062 "-" "Mozilla/5.0 (Windows NT 10.0; Win64; x64) AppleWebKit/537.36 (KHTML, like Gecko) Chrome/78.0.3904.108 Safari/537.36"
170.64.193.243 - - [19/May/2024:23:02:44 +0500] "GET /wp1/wp-includes/wlwmanifest.xml HTTP/1.0" 404 1062 "-" "Mozilla/5.0 (Windows NT 10.0; Win64; x64) AppleWebKit/537.36 (KHTML, like Gecko) Chrome/78.0.3904.108 Safari/537.36"
170.64.193.243 - - [19/May/2024:23:02:45 +0500] "GET /test/wp-includes/wlwmanifest.xml HTTP/1.0" 404 1062 "-" "Mozilla/5.0 (Windows NT 10.0; Win64; x64) AppleWebKit/537.36 (KHTML, like Gecko) Chrome/78.0.3904.108 Safari/537.36"
170.64.193.243 - - [19/May/2024:23:02:45 +0500] "GET /media/wp-includes/wlwmanifest.xml HTTP/1.0" 404 1062 "-" "Mozilla/5.0 (Windows NT 10.0; Win64; x64) AppleWebKit/537.36 (KHTML, like Gecko) Chrome/78.0.3904.108 Safari/537.36"
170.64.193.243 - - [19/May/2024:23:02:45 +0500] "GET /wp2/wp-includes/wlwmanifest.xml HTTP/1.0" 404 1062 "-" "Mozilla/5.0 (Windows NT 10.0; Win64; x64) AppleWebKit/537.36 (KHTML, like Gecko) Chrome/78.0.3904.108 Safari/537.36"
170.64.193.243 - - [19/May/2024:23:02:46 +0500] "GET /site/wp-includes/wlwmanifest.xml HTTP/1.0" 404 1062 "-" "Mozilla/5.0 (Windows NT 10.0; Win64; x64) AppleWebKit/537.36 (KHTML, like Gecko) Chrome/78.0.3904.108 Safari/537.36"
170.64.193.243 - - [19/May/2024:23:02:46 +0500] "GET /cms/wp-includes/wlwmanifest.xml HTTP/1.0" 404 1062 "-" "Mozilla/5.0 (Windows NT 10.0; Win64; x64) AppleWebKit/537.36 (KHTML, like Gecko) Chrome/78.0.3904.108 Safari/537.36"
170.64.193.243 - - [19/May/2024:23:02:46 +0500] "GET /sito/wp-includes/wlwmanifest.xml HTTP/1.0" 404 1062 "-" "Mozilla/5.0 (Windows NT 10.0; Win64; x64) AppleWebKit/537.36 (KHTML, like Gecko) Chrome/78.0.3904.108 Safari/537.36"
38.154.186.246 - - [20/May/2024:03:06:09 +0500] "HEAD / HTTP/1.0" 200 271 "-" "Mozilla/5.0 (Macintosh; Intel Mac OS X 10_15_7) AppleWebKit/537.36 (KHTML, like Gecko) Chrome/107.0.0.0 Safari/537.36"
192.241.67.180 - - [20/May/2024:03:06:12 +0500] "GET / HTTP/1.0" 200 235 "-" "Mozilla/5.0 (Macintosh; Intel Mac OS X 10_15_7) AppleWebKit/537.36 (KHTML, like Gecko) Chrome/107.0.0.0 Safari/537.36"
54.235.36.99 - - [20/May/2024:03:06:13 +0500] "GET /favicon.ico HTTP/1.0" 404 1062 "-" "Mozilla/5.0 (Macintosh; Intel Mac OS X 10_15_7) AppleWebKit/537.36 (KHTML, like Gecko) Chrome/107.0.0.0 Safari/537.36"
44.212.57.230 - - [20/May/2024:03:06:13 +0500] "GET /favicon.ico HTTP/1.0" 404 1062 "-" "Mozilla/5.0 (Macintosh; Intel Mac OS X 10_15_7) AppleWebKit/537.36 (KHTML, like Gecko) Chrome/107.0.0.0 Safari/537.36"
186.179.59.178 - - [20/May/2024:03:06:14 +0500] "GET /favicon.png HTTP/1.0" 404 1062 "-" "Mozilla/5.0 (Macintosh; Intel Mac OS X 10_15_7) AppleWebKit/537.36 (KHTML, like Gecko) Chrome/107.0.0.0 Safari/537.36"
44.212.57.230 - - [20/May/2024:03:06:14 +0500] "GET /favicon.png HTTP/1.0" 404 1062 "-" "Mozilla/5.0 (Macintosh; Intel Mac OS X 10_15_7) AppleWebKit/537.36 (KHTML, like Gecko) Chrome/107.0.0.0 Safari/537.36"
209.127.106.73 - - [20/May/2024:03:06:58 +0500] "GET / HTTP/1.0" 200 235 "-" "Mozilla/5.0 (Windows NT 10.0; WOW64) AppleWebKit/537.36 (KHTML, like Gecko) Chrome/108.0.0.0 Safari/537.36"
159.223.95.252 - - [19/May/2024:18:21:48 +0500] "GET / HTTP/1.1" 200 1115 "-" "Mozilla/5.0 (Windows NT 10.0; Win64; x64) AppleWebKit/537.36 (KHTML, like Gecko) Chrome/95.0.4638.69 Safari/537.36"
94.247.172.129 - - [19/May/2024:19:02:41 +0500] "GET / HTTP/1.1" 200 596 "-" "Mozilla/5.0 (Macintosh; Intel Mac OS X 10_9_2)"
222.249.228.245 - - [19/May/2024:19:13:47 +0500] "GET / HTTP/1.1" 200 596 "-" "Mozilla/5.0 (Linux; Android 10; SM-G981B) AppleWebKit/537.36 (KHTML, like Gecko) Chrome/80.0.3987.162 Mobile Safari/537.36"
170.64.209.16 - - [19/May/2024:22:51:25 +0500] "GET / HTTP/1.1" 200 1115 "-" "Mozilla/5.0 (Windows NT 10.0; Win64; x64) AppleWebKit/537.36 (KHTML, like Gecko) Chrome/89.0.4389.114 Safari/537.36"
170.64.209.16 - - [19/May/2024:22:51:26 +0500] "GET / HTTP/1.1" 200 1115 "-" "Mozilla/5.0 (Windows NT 10.0; Win64; x64) AppleWebKit/537.36 (KHTML, like Gecko) Chrome/89.0.4389.114 Safari/537.36"
170.64.209.16 - - [19/May/2024:22:51:27 +0500] "GET / HTTP/1.1" 200 1115 "-" "Mozilla/5.0 (Windows NT 10.0; Win64; x64) AppleWebKit/537.36 (KHTML, like Gecko) Chrome/89.0.4389.114 Safari/537.36"
170.64.193.243 - - [19/May/2024:23:02:39 +0500] "GET / HTTP/1.1" 200 1115 "-" "Mozilla/5.0 (Windows NT 10.0; Win64; x64) AppleWebKit/537.36 (KHTML, like Gecko) Chrome/78.0.3904.108 Safari/537.36"
170.64.193.243 - - [19/May/2024:23:02:40 +0500] "GET / HTTP/1.1" 200 1115 "-" "Mozilla/5.0 (Windows NT 10.0; Win64; x64) AppleWebKit/537.36 (KHTML, like Gecko) Chrome/78.0.3904.108 Safari/537.36"
170.64.193.243 - - [19/May/2024:23:02:41 +0500] "GET / HTTP/1.1" 200 1115 "-" "Mozilla/5.0 (Windows NT 10.0; Win64; x64) AppleWebKit/537.36 (KHTML, like Gecko) Chrome/78.0.3904.108 Safari/537.36"
192.241.67.180 - - [20/May/2024:03:06:12 +0500] "GET / HTTP/1.1" 200 596 "-" "Mozilla/5.0 (Macintosh; Intel Mac OS X 10_15_7) AppleWebKit/537.36 (KHTML, like Gecko) Chrome/107.0.0.0 Safari/537.36"
209.127.106.73 - - [20/May/2024:03:06:58 +0500] "GET / HTTP/1.1" 200 596 "-" "Mozilla/5.0 (Windows NT 10.0; WOW64) AppleWebKit/537.36 (KHTML, like Gecko) Chrome/108.0.0.0 Safari/537.36"
23.26.108.89 - - [20/May/2024:05:12:23 +0500] "GET / HTTP/1.0" 200 235 "-" "Mozilla/5.0 (Windows NT 10.0; Win64; x64) AppleWebKit/537.36 (KHTML, like Gecko) Chrome/88.0.4240.193 Safari/537.36"
23.26.108.89 - - [20/May/2024:05:12:23 +0500] "GET / HTTP/1.0" 200 235 "-" "Mozilla/5.0 (Windows NT 10.0; Win64; x64) AppleWebKit/537.36 (KHTML, like Gecko) Chrome/88.0.4240.193 Safari/537.36"
23.26.108.89 - - [20/May/2024:05:12:23 +0500] "GET /wp-includes/wlwmanifest.xml HTTP/1.0" 404 1062 "-" "Mozilla/5.0 (Windows NT 10.0; Win64; x64) AppleWebKit/537.36 (KHTML, like Gecko) Chrome/88.0.4240.193 Safari/537.36"
23.26.108.89 - - [20/May/2024:05:12:23 +0500] "GET /xmlrpc.php?rsd HTTP/1.0" 404 1062 "-" "Mozilla/5.0 (Windows NT 10.0; Win64; x64) AppleWebKit/537.36 (KHTML, like Gecko) Chrome/88.0.4240.193 Safari/537.36"
23.26.108.89 - - [20/May/2024:05:12:24 +0500] "GET / HTTP/1.0" 200 235 "-" "Mozilla/5.0 (Windows NT 10.0; Win64; x64) AppleWebKit/537.36 (KHTML, like Gecko) Chrome/88.0.4240.193 Safari/537.36"
23.26.108.89 - - [20/May/2024:05:12:24 +0500] "GET /blog/wp-includes/wlwmanifest.xml HTTP/1.0" 404 1062 "-" "Mozilla/5.0 (Windows NT 10.0; Win64; x64) AppleWebKit/537.36 (KHTML, like Gecko) Chrome/88.0.4240.193 Safari/537.36"
23.26.108.89 - - [20/May/2024:05:12:24 +0500] "GET /web/wp-includes/wlwmanifest.xml HTTP/1.0" 404 1062 "-" "Mozilla/5.0 (Windows NT 10.0; Win64; x64) AppleWebKit/537.36 (KHTML, like Gecko) Chrome/88.0.4240.193 Safari/537.36"
23.26.108.89 - - [20/May/2024:05:12:24 +0500] "GET /wordpress/wp-includes/wlwmanifest.xml HTTP/1.0" 404 1062 "-" "Mozilla/5.0 (Windows NT 10.0; Win64; x64) AppleWebKit/537.36 (KHTML, like Gecko) Chrome/88.0.4240.193 Safari/537.36"
23.26.108.89 - - [20/May/2024:05:12:24 +0500] "GET /website/wp-includes/wlwmanifest.xml HTTP/1.0" 404 1062 "-" "Mozilla/5.0 (Windows NT 10.0; Win64; x64) AppleWebKit/537.36 (KHTML, like Gecko) Chrome/88.0.4240.193 Safari/537.36"
23.26.108.89 - - [20/May/2024:05:12:25 +0500] "GET /wp/wp-includes/wlwmanifest.xml HTTP/1.0" 404 1062 "-" "Mozilla/5.0 (Windows NT 10.0; Win64; x64) AppleWebKit/537.36 (KHTML, like Gecko) Chrome/88.0.4240.193 Safari/537.36"
23.26.108.89 - - [20/May/2024:05:12:25 +0500] "GET /news/wp-includes/wlwmanifest.xml HTTP/1.0" 404 1062 "-" "Mozilla/5.0 (Windows NT 10.0; Win64; x64) AppleWebKit/537.36 (KHTML, like Gecko) Chrome/88.0.4240.193 Safari/537.36"
23.26.108.89 - - [20/May/2024:05:12:25 +0500] "GET /2020/wp-includes/wlwmanifest.xml HTTP/1.0" 404 1062 "-" "Mozilla/5.0 (Windows NT 10.0; Win64; x64) AppleWebKit/537.36 (KHTML, like Gecko) Chrome/88.0.4240.193 Safari/537.36"
23.26.108.89 - - [20/May/2024:05:12:25 +0500] "GET /2019/wp-includes/wlwmanifest.xml HTTP/1.0" 404 1062 "-" "Mozilla/5.0 (Windows NT 10.0; Win64; x64) AppleWebKit/537.36 (KHTML, like Gecko) Chrome/88.0.4240.193 Safari/537.36"
23.26.108.89 - - [20/May/2024:05:12:25 +0500] "GET /shop/wp-includes/wlwmanifest.xml HTTP/1.0" 404 1062 "-" "Mozilla/5.0 (Windows NT 10.0; Win64; x64) AppleWebKit/537.36 (KHTML, like Gecko) Chrome/88.0.4240.193 Safari/537.36"
23.26.108.89 - - [20/May/2024:05:12:25 +0500] "GET /wp1/wp-includes/wlwmanifest.xml HTTP/1.0" 404 1062 "-" "Mozilla/5.0 (Windows NT 10.0; Win64; x64) AppleWebKit/537.36 (KHTML, like Gecko) Chrome/88.0.4240.193 Safari/537.36"
23.26.108.89 - - [20/May/2024:05:12:26 +0500] "GET /test/wp-includes/wlwmanifest.xml HTTP/1.0" 404 1062 "-" "Mozilla/5.0 (Windows NT 10.0; Win64; x64) AppleWebKit/537.36 (KHTML, like Gecko) Chrome/88.0.4240.193 Safari/537.36"
23.26.108.89 - - [20/May/2024:05:12:26 +0500] "GET /wp2/wp-includes/wlwmanifest.xml HTTP/1.0" 404 1062 "-" "Mozilla/5.0 (Windows NT 10.0; Win64; x64) AppleWebKit/537.36 (KHTML, like Gecko) Chrome/88.0.4240.193 Safari/537.36"
23.26.108.89 - - [20/May/2024:05:12:26 +0500] "GET /site/wp-includes/wlwmanifest.xml HTTP/1.0" 404 1062 "-" "Mozilla/5.0 (Windows NT 10.0; Win64; x64) AppleWebKit/537.36 (KHTML, like Gecko) Chrome/88.0.4240.193 Safari/537.36"
23.26.108.89 - - [20/May/2024:05:12:26 +0500] "GET /cms/wp-includes/wlwmanifest.xml HTTP/1.0" 404 1062 "-" "Mozilla/5.0 (Windows NT 10.0; Win64; x64) AppleWebKit/537.36 (KHTML, like Gecko) Chrome/88.0.4240.193 Safari/537.36"
23.26.108.89 - - [20/May/2024:05:12:26 +0500] "GET /sito/wp-includes/wlwmanifest.xml HTTP/1.0" 404 1062 "-" "Mozilla/5.0 (Windows NT 10.0; Win64; x64) AppleWebKit/537.36 (KHTML, like Gecko) Chrome/88.0.4240.193 Safari/537.36"
34.68.48.139 - - [20/May/2024:06:15:15 +0500] "GET / HTTP/1.0" 200 235 "-" "Mozilla/5.0 (X11; Linux x86_64) AppleWebKit/537.36 (KHTML, like Gecko) Chrome/59.0.3071.104 Safari/537.36"
34.68.48.139 - - [20/May/2024:06:15:26 +0500] "GET / HTTP/1.0" 200 235 "-" "SonyEricssonK610i/R1CB Browser/NetFront/3.3 Profile/MIDP-2.0 Configuration/CLDC-1.1"
34.68.48.139 - - [20/May/2024:06:15:29 +0500] "GET / HTTP/1.0" 200 235 "-" "python-requests/2.31.0"
34.214.8.127 - - [20/May/2024:15:14:49 +0500] "GET / HTTP/1.0" 200 235 "-" "Mozilla/5.0 (Windows NT 10.0; Win64; x64)AppleWebKit/537.36 (KHTML, like Gecko) Chrome/66.0.3359.181 Safari/537.36"
23.26.108.89 - - [20/May/2024:05:12:23 +0500] "GET / HTTP/1.1" 200 1115 "-" "Mozilla/5.0 (Windows NT 10.0; Win64; x64) AppleWebKit/537.36 (KHTML, like Gecko) Chrome/88.0.4240.193 Safari/537.36"
23.26.108.89 - - [20/May/2024:05:12:23 +0500] "GET / HTTP/1.1" 200 1115 "-" "Mozilla/5.0 (Windows NT 10.0; Win64; x64) AppleWebKit/537.36 (KHTML, like Gecko) Chrome/88.0.4240.193 Safari/537.36"
23.26.108.89 - - [20/May/2024:05:12:24 +0500] "GET / HTTP/1.1" 200 1115 "-" "Mozilla/5.0 (Windows NT 10.0; Win64; x64) AppleWebKit/537.36 (KHTML, like Gecko) Chrome/88.0.4240.193 Safari/537.36"
34.68.48.139 - - [20/May/2024:06:15:15 +0500] "GET / HTTP/1.1" 200 596 "-" "Mozilla/5.0 (X11; Linux x86_64) AppleWebKit/537.36 (KHTML, like Gecko) Chrome/59.0.3071.104 Safari/537.36"
34.68.48.139 - - [20/May/2024:06:15:26 +0500] "GET / HTTP/1.1" 200 596 "-" "SonyEricssonK610i/R1CB Browser/NetFront/3.3 Profile/MIDP-2.0 Configuration/CLDC-1.1"
34.68.48.139 - - [20/May/2024:06:15:29 +0500] "GET / HTTP/1.1" 200 596 "-" "python-requests/2.31.0"
34.214.8.127 - - [20/May/2024:15:14:49 +0500] "GET / HTTP/1.1" 200 596 "-" "Mozilla/5.0 (Windows NT 10.0; Win64; x64)AppleWebKit/537.36 (KHTML, like Gecko) Chrome/66.0.3359.181 Safari/537.36"
89.219.35.99 - - [21/May/2024:01:07:33 +0500] "GET / HTTP/1.0" 200 235 "-" "Go-http-client/1.1"
89.219.35.99 - - [21/May/2024:01:07:33 +0500] "GET / HTTP/1.0" 200 235 "-" "Go-http-client/1.1"
64.23.237.2 - - [21/May/2024:01:19:16 +0500] "GET / HTTP/1.0" 200 235 "-" "Mozilla/5.0 (Macintosh; Intel Mac OS X 10_15_7) AppleWebKit/537.36 (KHTML, like Gecko) Chrome/121.0.0.0 Safari/537.36"
89.219.35.99 - - [21/May/2024:01:07:33 +0500] "GET / HTTP/1.1" 200 596 "-" "Go-http-client/1.1"
89.219.35.99 - - [21/May/2024:01:07:33 +0500] "GET / HTTP/1.1" 200 596 "-" "Go-http-client/1.1"
64.23.237.2 - - [21/May/2024:01:19:16 +0500] "GET / HTTP/1.1" 200 596 "-" "Mozilla/5.0 (Macintosh; Intel Mac OS X 10_15_7) AppleWebKit/537.36 (KHTML, like Gecko) Chrome/121.0.0.0 Safari/537.36"
34.133.244.133 - - [21/May/2024:05:33:18 +0500] "GET / HTTP/1.0" 200 235 "-" "Mozilla/5.0 (X11; Linux x86_64) AppleWebKit/537.36 (KHTML, like Gecko) Chrome/59.0.3071.104 Safari/537.36"
34.133.244.133 - - [21/May/2024:05:33:33 +0500] "GET / HTTP/1.0" 200 235 "-" "Mozilla/5.0 (iPhone; U; CPU like Mac OS X; en) AppleWebKit/420  (KHTML, like Gecko) Version/3.0 Mobile/1A543a Safari/419.3"
34.133.244.133 - - [21/May/2024:05:33:36 +0500] "GET / HTTP/1.0" 200 235 "-" "python-requests/2.31.0"
167.248.133.37 - - [21/May/2024:05:48:33 +0500] "GET / HTTP/1.0" 200 235 "-" "Mozilla/5.0 (compatible; CensysInspect/1.1; +https://about.censys.io/)"
167.248.133.37 - - [21/May/2024:05:48:35 +0500] "GET /favicon.ico HTTP/1.0" 404 1062 "-" "Mozilla/5.0 (compatible; CensysInspect/1.1; +https://about.censys.io/)"
45.133.173.9 - - [21/May/2024:12:01:28 +0500] "GET / HTTP/1.0" 200 235 "-" "Mozilla/5.0 (Windows NT 10.0; Win64; x64) AppleWebKit/537.36 (KHTML, like Gecko) Chrome/120.0.0.0 Safari/537.36 Edg/120.0.0.0"
84.17.59.90 - - [21/May/2024:12:01:28 +0500] "GET / HTTP/1.0" 200 235 "-" "Mozilla/5.0 (Windows NT 10.0; Win64; x64) AppleWebKit/537.36 (KHTML, like Gecko) Chrome/120.0.0.0 Safari/537.36 Edg/120.0.0.0"
89.187.187.102 - - [21/May/2024:12:01:29 +0500] "GET / HTTP/1.0" 200 235 "-" "Mozilla/5.0 (iPhone; CPU iPhone OS 17_2_1 like Mac OS X) AppleWebKit/605.1.15 (KHTML, like Gecko) Version/17.2 Mobile/15E148 Safari/604.1"
197.242.156.56 - - [21/May/2024:12:01:29 +0500] "GET / HTTP/1.0" 200 235 "-" "Mozilla/5.0 (Linux; Android 10; K) AppleWebKit/537.36 (KHTML, like Gecko) Chrome/120.0.0.0 Mobile Safari/537.36"
45.133.194.213 - - [21/May/2024:12:01:29 +0500] "GET / HTTP/1.0" 200 235 "-" "Mozilla/5.0 (iPhone; CPU iPhone OS 17_4_1 like Mac OS X) AppleWebKit/605.1.15 (KHTML, like Gecko) Version/17.4.1 Mobile/15E148 Safari/604.1"
45.133.194.213 - - [21/May/2024:12:01:47 +0500] "GET /favicon.ico HTTP/1.0" 404 1062 "-" "Mozilla/5.0 (iPhone; CPU iPhone OS 17_4_1 like Mac OS X) AppleWebKit/605.1.15 (KHTML, like Gecko) Version/17.4.1 Mobile/15E148 Safari/604.1"
45.133.194.213 - - [21/May/2024:12:07:58 +0500] "GET / HTTP/1.0" 200 235 "-" "Mozilla/5.0 (iPhone; CPU iPhone OS 17_4_1 like Mac OS X) AppleWebKit/605.1.15 (KHTML, like Gecko) Version/17.4.1 Mobile/15E148 Safari/604.1"
45.133.194.213 - - [21/May/2024:12:07:59 +0500] "GET /favicon.ico HTTP/1.0" 404 1062 "http://shoops.kz/" "Mozilla/5.0 (iPhone; CPU iPhone OS 17_4_1 like Mac OS X) AppleWebKit/605.1.15 (KHTML, like Gecko) Version/17.4.1 Mobile/15E148 Safari/604.1"
124.220.171.34 - - [21/May/2024:17:57:56 +0500] "GET / HTTP/1.0" 200 235 "-" "Mozilla/5.0 (Linux; Android 6.0; Nexus 5 Build/MRA58N) AppleWebKit/537.36 (KHTML, like Gecko) Chrome/81.0.4044.138 Mobile Safari/537.36"
34.133.244.133 - - [21/May/2024:05:33:18 +0500] "GET / HTTP/1.1" 200 596 "-" "Mozilla/5.0 (X11; Linux x86_64) AppleWebKit/537.36 (KHTML, like Gecko) Chrome/59.0.3071.104 Safari/537.36"
34.133.244.133 - - [21/May/2024:05:33:33 +0500] "GET / HTTP/1.1" 200 596 "-" "Mozilla/5.0 (iPhone; U; CPU like Mac OS X; en) AppleWebKit/420  (KHTML, like Gecko) Version/3.0 Mobile/1A543a Safari/419.3"
34.133.244.133 - - [21/May/2024:05:33:36 +0500] "GET / HTTP/1.1" 200 596 "-" "python-requests/2.31.0"
167.248.133.37 - - [21/May/2024:05:48:33 +0500] "GET / HTTP/1.1" 200 596 "-" "Mozilla/5.0 (compatible; CensysInspect/1.1; +https://about.censys.io/)"
45.133.173.9 - - [21/May/2024:12:01:28 +0500] "GET / HTTP/1.1" 200 596 "-" "Mozilla/5.0 (Windows NT 10.0; Win64; x64) AppleWebKit/537.36 (KHTML, like Gecko) Chrome/120.0.0.0 Safari/537.36 Edg/120.0.0.0"
84.17.59.90 - - [21/May/2024:12:01:28 +0500] "GET / HTTP/1.1" 200 596 "-" "Mozilla/5.0 (Windows NT 10.0; Win64; x64) AppleWebKit/537.36 (KHTML, like Gecko) Chrome/120.0.0.0 Safari/537.36 Edg/120.0.0.0"
89.187.187.102 - - [21/May/2024:12:01:29 +0500] "GET / HTTP/1.1" 200 596 "-" "Mozilla/5.0 (iPhone; CPU iPhone OS 17_2_1 like Mac OS X) AppleWebKit/605.1.15 (KHTML, like Gecko) Version/17.2 Mobile/15E148 Safari/604.1"
197.242.156.56 - - [21/May/2024:12:01:29 +0500] "GET / HTTP/1.1" 200 596 "-" "Mozilla/5.0 (Linux; Android 10; K) AppleWebKit/537.36 (KHTML, like Gecko) Chrome/120.0.0.0 Mobile Safari/537.36"
45.133.194.213 - - [21/May/2024:12:01:29 +0500] "GET / HTTP/1.1" 200 596 "-" "Mozilla/5.0 (iPhone; CPU iPhone OS 17_4_1 like Mac OS X) AppleWebKit/605.1.15 (KHTML, like Gecko) Version/17.4.1 Mobile/15E148 Safari/604.1"
45.133.194.213 - - [21/May/2024:12:07:58 +0500] "GET / HTTP/1.1" 200 596 "-" "Mozilla/5.0 (iPhone; CPU iPhone OS 17_4_1 like Mac OS X) AppleWebKit/605.1.15 (KHTML, like Gecko) Version/17.4.1 Mobile/15E148 Safari/604.1"
124.220.171.34 - - [21/May/2024:17:57:56 +0500] "GET / HTTP/1.1" 200 596 "-" "Mozilla/5.0 (Linux; Android 6.0; Nexus 5 Build/MRA58N) AppleWebKit/537.36 (KHTML, like Gecko) Chrome/81.0.4044.138 Mobile Safari/537.36"
189.51.19.183 - - [22/May/2024:04:02:58 +0500] "POST /tmui/login.jsp HTTP/1.1" 501 158 "-" "-"
34.135.67.185 - - [22/May/2024:06:53:07 +0500] "GET / HTTP/1.0" 200 235 "-" "python-requests/2.31.0"
198.235.24.37 - - [22/May/2024:07:29:06 +0500] "GET / HTTP/1.0" 200 235 "-" "Expanse, a Palo Alto Networks company, searches across the global IPv4 space multiple times per day to identify customers&#39; presences on the Internet. If you would like to be excluded from our scans, please send IP addresses/domains to: scaninfo@paloaltonetworks.com"
34.244.210.118 - - [22/May/2024:09:14:51 +0500] "GET /robots.txt HTTP/1.0" 200 355 "-" "Pandalytics/2.0 (https://domainsbot.com/pandalytics/)"
34.244.210.118 - - [22/May/2024:09:14:52 +0500] "GET / HTTP/1.0" 200 235 "-" "Pandalytics/2.0 (https://domainsbot.com/pandalytics/)"
35.90.67.175 - - [22/May/2024:12:02:21 +0500] "GET / HTTP/1.0" 200 235 "-" "Mozilla/5.0 (Windows NT 10.0; Win64; x64; rv:109.0) Gecko/20100101 Firefox/109.0"
35.90.55.143 - - [22/May/2024:12:02:23 +0500] "GET /favicon.ico HTTP/1.0" 404 1062 "-" "curl/7.58.0"
189.51.19.183 - - [22/May/2024:12:28:59 +0500] "GET /version HTTP/1.0" 404 1062 "-" "Mozilla/5.0 (Windows NT 10.0; Win64; x64) AppleWebKit/537.36 (KHTML, like Gecko) Chrome/100.0.4896.75 Safari/537.36 Edg/100.0.1185.39"
189.51.19.183 - - [22/May/2024:12:29:11 +0500] "GET /v1.24/version HTTP/1.0" 404 1062 "-" "Mozilla/5.0 (Macintosh; Intel Mac OS X 10_15_0) AppleWebKit/604.1 (KHTML, like Gecko) Version/9.1.2 Safari/604.1"
34.135.67.185 - - [22/May/2024:06:53:07 +0500] "GET / HTTP/1.1" 200 596 "-" "python-requests/2.31.0"
198.235.24.37 - - [22/May/2024:07:29:06 +0500] "GET / HTTP/1.1" 200 1115 "-" "Expanse, a Palo Alto Networks company, searches across the global IPv4 space multiple times per day to identify customers&#39; presences on the Internet. If you would like to be excluded from our scans, please send IP addresses/domains to: scaninfo@paloaltonetworks.com"
34.244.210.118 - - [22/May/2024:09:14:52 +0500] "GET / HTTP/1.1" 200 596 "-" "Pandalytics/2.0 (https://domainsbot.com/pandalytics/)"
35.90.67.175 - - [22/May/2024:12:02:21 +0500] "GET / HTTP/1.1" 200 596 "-" "Mozilla/5.0 (Windows NT 10.0; Win64; x64; rv:109.0) Gecko/20100101 Firefox/109.0"
54.88.179.33 - - [22/May/2024:16:38:43 +0500] "GET / HTTP/1.0" 200 235 "-" "Mozilla/5.0 \\(Windows NT 10.0\\; Win64\\; x64\\) AppleWebKit/537.36 \\(KHTML, like Gecko\\) Chrome/100.0.4896.60 Safari/537.36"
3.34.136.175 - - [23/May/2024:00:23:42 +0500] "GET /robots.txt HTTP/1.0" 200 355 "-" "CheckMarkNetwork/1.0 (+http://www.checkmarknetwork.com/spider.html)"
3.34.136.175 - - [23/May/2024:00:23:43 +0500] "HEAD / HTTP/1.0" 200 271 "-" "CheckMarkNetwork/1.0 (+http://www.checkmarknetwork.com/spider.html)"
3.34.136.175 - - [23/May/2024:00:23:57 +0500] "GET / HTTP/1.0" 200 235 "-" "CheckMarkNetwork/1.0 (+http://www.checkmarknetwork.com/spider.html)"
137.184.162.97 - - [23/May/2024:00:55:57 +0500] "GET / HTTP/1.0" 200 235 "-" "Mozilla/5.0 (Macintosh; Intel Mac OS X 10_15_7) AppleWebKit/537.36 (KHTML, like Gecko) Chrome/121.0.0.0 Safari/537.36"
54.88.179.33 - - [22/May/2024:16:38:43 +0500] "GET / HTTP/1.1" 200 1115 "-" "Mozilla/5.0 \x5C(Windows NT 10.0\x5C; Win64\x5C; x64\x5C) AppleWebKit/537.36 \x5C(KHTML, like Gecko\x5C) Chrome/100.0.4896.60 Safari/537.36"
3.34.136.175 - - [23/May/2024:00:23:57 +0500] "GET / HTTP/1.1" 200 596 "-" "CheckMarkNetwork/1.0 (+http://www.checkmarknetwork.com/spider.html)"
137.184.162.97 - - [23/May/2024:00:55:57 +0500] "GET / HTTP/1.1" 200 596 "-" "Mozilla/5.0 (Macintosh; Intel Mac OS X 10_15_7) AppleWebKit/537.36 (KHTML, like Gecko) Chrome/121.0.0.0 Safari/537.36"
52.91.107.93 - - [23/May/2024:07:09:09 +0500] "GET / HTTP/1.0" 200 235 "-" "Mozilla/5.0 (Windows NT 10.0; Win64; x64) AppleWebKit/537.36 (KHTML, like Gecko) Chrome/83.0.4103.97 Safari/537.36"
35.170.40.121 - - [23/May/2024:08:23:47 +0500] "GET / HTTP/1.0" 200 235 "-" "Mozilla/5.0 (Macintosh; Intel Mac OS X 10_9_3) AppleWebKit/537.36 (KHTML, like Gecko) Chrome/35.0.1916.47 Safari/537.36"
35.170.40.121 - - [23/May/2024:08:23:48 +0500] "HEAD /favicon.ico HTTP/1.0" 404 254 "-" "Mozilla/5.0 (Macintosh; Intel Mac OS X 10_9_3) AppleWebKit/537.36 (KHTML, like Gecko) Chrome/35.0.1916.47 Safari/537.36"
34.122.147.229 - - [23/May/2024:08:24:14 +0500] "GET / HTTP/1.0" 200 235 "-" "Mozilla/5.0 (X11; Linux x86_64) AppleWebKit/537.36 (KHTML, like Gecko) HeadlessChrome/92.0.4515.159 Safari/537.36"
205.169.39.171 - - [23/May/2024:08:24:25 +0500] "GET / HTTP/1.0" 200 235 "-" "Mozilla/5.0 (Windows NT 6.1; Win64; x64) AppleWebKit/537.36 (KHTML, like Gecko) Chrome/83.0.4103.61 Safari/537.36"
205.169.39.171 - - [23/May/2024:08:24:30 +0500] "GET / HTTP/1.0" 200 235 "-" "Mozilla/5.0 (Windows NT 10.0; Win64; x64) AppleWebKit/537.36 (KHTML, like Gecko) Chrome/79.0.3945.79 Safari/537.36"
65.154.226.171 - - [23/May/2024:08:24:47 +0500] "GET /favicon.ico HTTP/1.0" 404 1062 "-" "Mozilla/5.0 (Windows NT 10.0) AppleWebKit/537.36 (KHTML, like Gecko) Chrome/106.0.0.0 Safari/537.36"
65.154.226.170 - - [23/May/2024:08:25:08 +0500] "GET / HTTP/1.0" 200 235 "-" "Mozilla/5.0 (Windows NT 10.0) AppleWebKit/537.36 (KHTML, like Gecko) Chrome/106.0.0.0 Safari/537.36"
34.123.170.104 - - [23/May/2024:08:25:29 +0500] "GET / HTTP/1.0" 200 235 "-" "Mozilla/5.0 (X11; Linux x86_64) AppleWebKit/537.36 (KHTML, like Gecko) HeadlessChrome/92.0.4515.159 Safari/537.36"
205.169.39.178 - - [23/May/2024:08:28:24 +0500] "GET / HTTP/1.0" 200 235 "-" "Mozilla/5.0 (Windows NT 6.1; Win64; x64) AppleWebKit/537.36 (KHTML, like Gecko) Chrome/83.0.4103.61 Safari/537.36"
205.169.39.178 - - [23/May/2024:08:28:27 +0500] "GET / HTTP/1.0" 200 235 "-" "Mozilla/5.0 (Windows NT 10.0; Win64; x64) AppleWebKit/537.36 (KHTML, like Gecko) Chrome/79.0.3945.79 Safari/537.36"
65.155.30.101 - - [23/May/2024:10:18:48 +0500] "GET / HTTP/1.0" 200 235 "-" "Mozilla/5.0 (Windows NT 10.0; Win64; x64) AppleWebKit/537.36 (KHTML, like Gecko) Chrome/117.0.5938.132 Safari/537.36"
65.155.30.101 - - [23/May/2024:10:18:49 +0500] "GET / HTTP/1.0" 200 235 "-" "Mozilla/5.0 (Windows NT 10.0; Win64; x64) AppleWebKit/537.36 (KHTML, like Gecko) Chrome/117.0.5938.132 Safari/537.36"
52.91.107.93 - - [23/May/2024:07:09:09 +0500] "GET / HTTP/1.1" 200 596 "-" "Mozilla/5.0 (Windows NT 10.0; Win64; x64) AppleWebKit/537.36 (KHTML, like Gecko) Chrome/83.0.4103.97 Safari/537.36"
35.170.40.121 - - [23/May/2024:08:23:47 +0500] "GET / HTTP/1.1" 200 596 "-" "Mozilla/5.0 (Macintosh; Intel Mac OS X 10_9_3) AppleWebKit/537.36 (KHTML, like Gecko) Chrome/35.0.1916.47 Safari/537.36"
34.122.147.229 - - [23/May/2024:08:24:14 +0500] "GET / HTTP/1.1" 200 596 "-" "Mozilla/5.0 (X11; Linux x86_64) AppleWebKit/537.36 (KHTML, like Gecko) HeadlessChrome/92.0.4515.159 Safari/537.36"
205.169.39.171 - - [23/May/2024:08:24:25 +0500] "GET / HTTP/1.1" 200 451 "-" "Mozilla/5.0 (Windows NT 6.1; Win64; x64) AppleWebKit/537.36 (KHTML, like Gecko) Chrome/83.0.4103.61 Safari/537.36"
205.169.39.171 - - [23/May/2024:08:24:30 +0500] "GET / HTTP/1.1" 200 596 "-" "Mozilla/5.0 (Windows NT 10.0; Win64; x64) AppleWebKit/537.36 (KHTML, like Gecko) Chrome/79.0.3945.79 Safari/537.36"
65.154.226.170 - - [23/May/2024:08:25:08 +0500] "GET / HTTP/1.1" 200 596 "-" "Mozilla/5.0 (Windows NT 10.0) AppleWebKit/537.36 (KHTML, like Gecko) Chrome/106.0.0.0 Safari/537.36"
34.123.170.104 - - [23/May/2024:08:25:29 +0500] "GET / HTTP/1.1" 200 596 "-" "Mozilla/5.0 (X11; Linux x86_64) AppleWebKit/537.36 (KHTML, like Gecko) HeadlessChrome/92.0.4515.159 Safari/537.36"
205.169.39.178 - - [23/May/2024:08:28:24 +0500] "GET / HTTP/1.1" 200 451 "-" "Mozilla/5.0 (Windows NT 6.1; Win64; x64) AppleWebKit/537.36 (KHTML, like Gecko) Chrome/83.0.4103.61 Safari/537.36"
205.169.39.178 - - [23/May/2024:08:28:27 +0500] "GET / HTTP/1.1" 200 596 "-" "Mozilla/5.0 (Windows NT 10.0; Win64; x64) AppleWebKit/537.36 (KHTML, like Gecko) Chrome/79.0.3945.79 Safari/537.36"
65.155.30.101 - - [23/May/2024:10:18:48 +0500] "GET / HTTP/1.1" 200 596 "-" "Mozilla/5.0 (Windows NT 10.0; Win64; x64) AppleWebKit/537.36 (KHTML, like Gecko) Chrome/117.0.5938.132 Safari/537.36"
65.155.30.101 - - [23/May/2024:10:18:49 +0500] "GET / HTTP/1.1" 200 596 "-" "Mozilla/5.0 (Windows NT 10.0; Win64; x64) AppleWebKit/537.36 (KHTML, like Gecko) Chrome/117.0.5938.132 Safari/537.36"
142.202.48.16 - - [23/May/2024:14:41:55 +0500] "GET /wp-admin/setup-config.php?step=1 HTTP/1.0" 404 1062 "-" "Mozlila/5.0 (Linux; Android 7.0; SM-G892A Bulid/NRD90M; wv) AppleWebKit/537.36 (KHTML, like Gecko) Version/4.0 Chrome/60.0.3112.107 Moblie Safari/537.36"
142.202.48.16 - - [23/May/2024:14:41:56 +0500] "GET /wordpress/wp-admin/setup-config.php?step=1 HTTP/1.0" 404 1062 "-" "Mozlila/5.0 (Linux; Android 7.0; SM-G892A Bulid/NRD90M; wv) AppleWebKit/537.36 (KHTML, like Gecko) Version/4.0 Chrome/60.0.3112.107 Moblie Safari/537.36"
54.202.241.85 - - [23/May/2024:15:16:09 +0500] "GET / HTTP/1.0" 200 235 "-" "Mozilla/5.0 (X11; Linux x86_64) AppleWebKit/537.36 (KHTML, like Gecko) Chrome/83.0.4103.97 Safari/537.36"
43.143.28.57 - - [23/May/2024:18:57:03 +0500] "GET / HTTP/1.0" 200 235 "-" "Mozilla/5.0 (Linux; Android 6.0; Nexus 5 Build/MRA58N) AppleWebKit/537.36 (KHTML, like Gecko) Chrome/81.0.4044.138 Mobile Safari/537.36"
89.219.35.99 - - [24/May/2024:01:09:26 +0500] "GET / HTTP/1.0" 200 235 "-" "Go-http-client/1.1"
89.219.35.99 - - [24/May/2024:01:09:26 +0500] "GET / HTTP/1.0" 200 235 "-" "Go-http-client/1.1"
209.127.108.112 - - [24/May/2024:03:15:27 +0500] "HEAD / HTTP/1.0" 200 271 "-" "Mozilla/5.0 (Macintosh; Intel Mac OS X 10_15_7) AppleWebKit/537.36 (KHTML, like Gecko) Chrome/107.0.0.0 Safari/537.36"
38.154.198.86 - - [24/May/2024:03:15:29 +0500] "GET / HTTP/1.0" 200 235 "-" "Mozilla/5.0 (Macintosh; Intel Mac OS X 10_15_7) AppleWebKit/537.36 (KHTML, like Gecko) Chrome/107.0.0.0 Safari/537.36"
44.204.51.193 - - [24/May/2024:03:15:30 +0500] "GET /favicon.ico HTTP/1.0" 404 1062 "-" "Mozilla/5.0 (Macintosh; Intel Mac OS X 10_15_7) AppleWebKit/537.36 (KHTML, like Gecko) Chrome/107.0.0.0 Safari/537.36"
44.212.57.230 - - [24/May/2024:03:15:30 +0500] "GET /favicon.ico HTTP/1.0" 404 1062 "-" "Mozilla/5.0 (Macintosh; Intel Mac OS X 10_15_7) AppleWebKit/537.36 (KHTML, like Gecko) Chrome/107.0.0.0 Safari/537.36"
209.127.104.192 - - [24/May/2024:03:15:30 +0500] "GET /favicon.png HTTP/1.0" 404 1062 "-" "Mozilla/5.0 (Macintosh; Intel Mac OS X 10_15_7) AppleWebKit/537.36 (KHTML, like Gecko) Chrome/107.0.0.0 Safari/537.36"
44.212.57.230 - - [24/May/2024:03:15:31 +0500] "GET /favicon.png HTTP/1.0" 404 1062 "-" "Mozilla/5.0 (Macintosh; Intel Mac OS X 10_15_7) AppleWebKit/537.36 (KHTML, like Gecko) Chrome/107.0.0.0 Safari/537.36"
54.202.241.85 - - [23/May/2024:15:16:09 +0500] "GET / HTTP/1.1" 200 596 "-" "Mozilla/5.0 (X11; Linux x86_64) AppleWebKit/537.36 (KHTML, like Gecko) Chrome/83.0.4103.97 Safari/537.36"
43.143.28.57 - - [23/May/2024:18:57:03 +0500] "GET / HTTP/1.1" 200 596 "-" "Mozilla/5.0 (Linux; Android 6.0; Nexus 5 Build/MRA58N) AppleWebKit/537.36 (KHTML, like Gecko) Chrome/81.0.4044.138 Mobile Safari/537.36"
89.219.35.99 - - [24/May/2024:01:09:26 +0500] "GET / HTTP/1.1" 200 596 "-" "Go-http-client/1.1"
89.219.35.99 - - [24/May/2024:01:09:26 +0500] "GET / HTTP/1.1" 200 596 "-" "Go-http-client/1.1"
38.154.198.86 - - [24/May/2024:03:15:29 +0500] "GET / HTTP/1.1" 200 596 "-" "Mozilla/5.0 (Macintosh; Intel Mac OS X 10_15_7) AppleWebKit/537.36 (KHTML, like Gecko) Chrome/107.0.0.0 Safari/537.36"
35.202.189.187 - - [24/May/2024:07:11:54 +0500] "GET / HTTP/1.0" 200 235 "-" "python-requests/2.31.0"
170.254.179.230 - - [24/May/2024:09:45:29 +0500] "GET / HTTP/1.0" 200 235 "-" "Mozilla/5.0 (Macintosh; Intel Mac OS X 13_0_1) AppleWebKit/537.36 (KHTML, like Gecko) Chrome/108.0.0.0 Safari/537.36"
121.4.105.222 - - [24/May/2024:11:34:27 +0500] "GET / HTTP/1.0" 200 235 "-" "Mozilla/5.0 (Linux; Android 6.0; Nexus 5 Build/MRA58N) AppleWebKit/537.36 (KHTML, like Gecko) Chrome/81.0.4044.138 Mobile Safari/537.36"
35.95.124.41 - - [24/May/2024:14:28:53 +0500] "GET / HTTP/1.0" 200 235 "-" "Mozilla/5.0 (X11; Linux x86_64) AppleWebKit/537.36 (KHTML, like Gecko) Chrome/83.0.4103.97 Safari/537.36"
35.86.128.112 - - [24/May/2024:15:25:15 +0500] "GET / HTTP/1.0" 200 235 "-" "Mozilla/5.0 (Windows NT 10.0; Win64; x64)AppleWebKit/537.36 (KHTML, like Gecko) Chrome/66.0.3359.181 Safari/537.36"
64.227.151.191 - - [25/May/2024:03:16:31 +0500] "GET / HTTP/1.0" 200 235 "-" "Mozilla/5.0 (Macintosh; Intel Mac OS X 10_15_7) AppleWebKit/537.36 (KHTML, like Gecko) Chrome/121.0.0.0 Safari/537.36"
35.202.189.187 - - [24/May/2024:07:11:54 +0500] "GET / HTTP/1.1" 200 596 "-" "python-requests/2.31.0"
170.254.179.230 - - [24/May/2024:09:45:29 +0500] "GET / HTTP/1.1" 200 596 "-" "Mozilla/5.0 (Macintosh; Intel Mac OS X 13_0_1) AppleWebKit/537.36 (KHTML, like Gecko) Chrome/108.0.0.0 Safari/537.36"
121.4.105.222 - - [24/May/2024:11:34:27 +0500] "GET / HTTP/1.1" 200 596 "-" "Mozilla/5.0 (Linux; Android 6.0; Nexus 5 Build/MRA58N) AppleWebKit/537.36 (KHTML, like Gecko) Chrome/81.0.4044.138 Mobile Safari/537.36"
35.95.124.41 - - [24/May/2024:14:28:53 +0500] "GET / HTTP/1.1" 200 596 "-" "Mozilla/5.0 (X11; Linux x86_64) AppleWebKit/537.36 (KHTML, like Gecko) Chrome/83.0.4103.97 Safari/537.36"
35.86.128.112 - - [24/May/2024:15:25:15 +0500] "GET / HTTP/1.1" 200 596 "-" "Mozilla/5.0 (Windows NT 10.0; Win64; x64)AppleWebKit/537.36 (KHTML, like Gecko) Chrome/66.0.3359.181 Safari/537.36"
64.227.151.191 - - [25/May/2024:03:16:31 +0500] "GET / HTTP/1.1" 200 596 "-" "Mozilla/5.0 (Macintosh; Intel Mac OS X 10_15_7) AppleWebKit/537.36 (KHTML, like Gecko) Chrome/121.0.0.0 Safari/537.36"
34.27.153.26 - - [25/May/2024:08:50:57 +0500] "GET / HTTP/1.0" 200 235 "-" "python-requests/2.31.0"
198.235.24.125 - - [25/May/2024:12:08:40 +0500] "GET / HTTP/1.0" 200 235 "-" "Expanse, a Palo Alto Networks company, searches across the global IPv4 space multiple times per day to identify customers&#39; presences on the Internet. If you would like to be excluded from our scans, please send IP addresses/domains to: scaninfo@paloaltonetworks.com"
34.214.151.201 - - [25/May/2024:14:48:26 +0500] "GET / HTTP/1.0" 200 235 "-" "Mozilla/5.0 (X11; Linux x86_64) AppleWebKit/537.36 (KHTML, like Gecko) Chrome/83.0.4103.97 Safari/537.36"
35.92.18.172 - - [25/May/2024:16:23:27 +0500] "GET / HTTP/1.0" 200 235 "-" "Mozilla/5.0 (Windows NT 10.0; Win64; x64)AppleWebKit/537.36 (KHTML, like Gecko) Chrome/66.0.3359.181 Safari/537.36"
198.235.24.38 - - [25/May/2024:22:51:11 +0500] "GET / HTTP/1.0" 200 235 "-" "-"
106.75.100.92 - - [26/May/2024:00:00:02 +0500] "GET / HTTP/1.0" 200 235 "-" "Mozilla/5.0 (X11; Linux x86_64) AppleWebKit/557.38 (KHTML, like Gecko) Chrome/67.0.2575 Safari/537.36"
106.75.100.92 - - [26/May/2024:00:00:05 +0500] "GET /favicon.ico HTTP/1.0" 404 1062 "-" "Go-http-client/1.1"
106.75.100.92 - - [26/May/2024:00:00:06 +0500] "GET /sitemap.xml HTTP/1.0" 200 220 "-" "Go-http-client/1.1"
106.75.100.92 - - [26/May/2024:00:00:06 +0500] "GET /robots.txt HTTP/1.0" 200 355 "-" "Go-http-client/1.1"
54.223.89.173 - - [26/May/2024:00:58:00 +0500] "GET / HTTP/1.0" 200 235 "-" "Mozilla/5.0 (Windows NT 8_2; Win64; x64) AppleWebKit/548.48 (KHTML, like Gecko) Chrome/107.0.1753 Safari/537.36"
54.223.89.173 - - [26/May/2024:00:58:02 +0500] "GET /favicon.ico HTTP/1.0" 404 1062 "-" "Go-http-client/1.1"
54.223.89.173 - - [26/May/2024:00:58:02 +0500] "GET /sitemap.xml HTTP/1.0" 200 220 "-" "Go-http-client/1.1"
54.223.89.173 - - [26/May/2024:00:58:02 +0500] "GET /robots.txt HTTP/1.0" 200 355 "-" "Go-http-client/1.1"
34.27.153.26 - - [25/May/2024:08:50:57 +0500] "GET / HTTP/1.1" 200 596 "-" "python-requests/2.31.0"
198.235.24.125 - - [25/May/2024:12:08:40 +0500] "GET / HTTP/1.1" 200 1115 "-" "Expanse, a Palo Alto Networks company, searches across the global IPv4 space multiple times per day to identify customers&#39; presences on the Internet. If you would like to be excluded from our scans, please send IP addresses/domains to: scaninfo@paloaltonetworks.com"
34.214.151.201 - - [25/May/2024:14:48:26 +0500] "GET / HTTP/1.1" 200 596 "-" "Mozilla/5.0 (X11; Linux x86_64) AppleWebKit/537.36 (KHTML, like Gecko) Chrome/83.0.4103.97 Safari/537.36"
35.92.18.172 - - [25/May/2024:16:23:27 +0500] "GET / HTTP/1.1" 200 596 "-" "Mozilla/5.0 (Windows NT 10.0; Win64; x64)AppleWebKit/537.36 (KHTML, like Gecko) Chrome/66.0.3359.181 Safari/537.36"
198.235.24.38 - - [25/May/2024:22:51:11 +0500] "GET / HTTP/1.1" 200 1115 "-" "-"
106.75.100.92 - - [26/May/2024:00:00:02 +0500] "GET / HTTP/1.1" 200 596 "-" "Mozilla/5.0 (X11; Linux x86_64) AppleWebKit/557.38 (KHTML, like Gecko) Chrome/67.0.2575 Safari/537.36"
106.75.100.92 - - [26/May/2024:00:00:06 +0500] "GET /sitemap.xml HTTP/1.1" 200 2036 "-" "Go-http-client/1.1"
54.223.89.173 - - [26/May/2024:00:58:00 +0500] "GET / HTTP/1.1" 200 596 "-" "Mozilla/5.0 (Windows NT 8_2; Win64; x64) AppleWebKit/548.48 (KHTML, like Gecko) Chrome/107.0.1753 Safari/537.36"
54.223.89.173 - - [26/May/2024:00:58:02 +0500] "GET /sitemap.xml HTTP/1.1" 200 2036 "-" "Go-http-client/1.1"
34.78.228.189 - - [26/May/2024:09:25:47 +0500] "GET / HTTP/1.0" 200 235 "-" "python-requests/2.32.2"
35.94.46.19 - - [26/May/2024:15:45:54 +0500] "GET / HTTP/1.0" 200 235 "-" "Mozilla/5.0 (Windows NT 10.0; Win64; x64)AppleWebKit/537.36 (KHTML, like Gecko) Chrome/66.0.3359.181 Safari/537.36"
167.172.23.48 - - [27/May/2024:00:25:47 +0500] "GET / HTTP/1.0" 200 235 "-" "Mozilla/5.0 (Macintosh; Intel Mac OS X 10_15_7) AppleWebKit/537.36 (KHTML, like Gecko) Chrome/121.0.0.0 Safari/537.36"
106.75.133.175 - - [27/May/2024:00:52:56 +0500] "GET /.DS_Store HTTP/1.0" 404 1062 "-" "Go-http-client/1.1"
89.219.35.99 - - [27/May/2024:01:14:26 +0500] "GET / HTTP/1.0" 200 235 "-" "Go-http-client/1.1"
89.219.35.99 - - [27/May/2024:01:14:26 +0500] "GET / HTTP/1.0" 200 235 "-" "Go-http-client/1.1"
106.75.133.175 - - [27/May/2024:02:16:42 +0500] "GET /.DS_Store HTTP/1.0" 404 1062 "-" "Go-http-client/1.1"
106.75.174.148 - - [27/May/2024:02:38:47 +0500] "GET /.git/config HTTP/1.0" 404 1062 "-" "Go-http-client/1.1"
106.75.152.66 - - [27/May/2024:02:40:41 +0500] "GET /.git/config HTTP/1.0" 404 1062 "-" "Go-http-client/1.1"
34.78.228.189 - - [26/May/2024:09:25:47 +0500] "GET / HTTP/1.1" 200 596 "-" "python-requests/2.32.2"
35.94.46.19 - - [26/May/2024:15:45:54 +0500] "GET / HTTP/1.1" 200 596 "-" "Mozilla/5.0 (Windows NT 10.0; Win64; x64)AppleWebKit/537.36 (KHTML, like Gecko) Chrome/66.0.3359.181 Safari/537.36"
167.172.23.48 - - [27/May/2024:00:25:47 +0500] "GET / HTTP/1.1" 200 596 "-" "Mozilla/5.0 (Macintosh; Intel Mac OS X 10_15_7) AppleWebKit/537.36 (KHTML, like Gecko) Chrome/121.0.0.0 Safari/537.36"
89.219.35.99 - - [27/May/2024:01:14:26 +0500] "GET / HTTP/1.1" 200 596 "-" "Go-http-client/1.1"
89.219.35.99 - - [27/May/2024:01:14:26 +0500] "GET / HTTP/1.1" 200 596 "-" "Go-http-client/1.1"
106.75.173.226 - - [27/May/2024:07:08:44 +0500] "GET /.git/config HTTP/1.0" 404 1062 "-" "Go-http-client/1.1"
106.75.165.113 - - [27/May/2024:07:10:29 +0500] "GET /.git/config HTTP/1.0" 404 1062 "-" "Go-http-client/1.1"
35.202.5.254 - - [27/May/2024:09:31:31 +0500] "GET / HTTP/1.0" 200 235 "-" "python-requests/2.31.0"
18.237.30.217 - - [27/May/2024:14:40:19 +0500] "GET / HTTP/1.0" 200 235 "-" "Mozilla/5.0 (X11; Linux x86_64) AppleWebKit/537.36 (KHTML, like Gecko) Chrome/83.0.4103.97 Safari/537.36"
195.90.221.76 - - [27/May/2024:15:09:29 +0500] "GET / HTTP/1.0" 200 235 "-" "Mozilla/5.0 (Windows NT 10.0; Win64; x64) AppleWebKit/537.36 (KHTML, like Gecko) Chrome/91.0.4472.114 Safari/537.36 Edg/91.0.864.54"
52.11.53.23 - - [27/May/2024:15:13:33 +0500] "GET / HTTP/1.0" 200 235 "-" "Mozilla/5.0 (Windows NT 10.0; Win64; x64)AppleWebKit/537.36 (KHTML, like Gecko) Chrome/66.0.3359.181 Safari/537.36"
205.210.31.29 - - [27/May/2024:18:22:01 +0500] "GET / HTTP/1.0" 200 235 "-" "-"
52.17.9.252 - - [27/May/2024:23:23:01 +0500] "GET / HTTP/1.0" 200 235 "-" "Plesk screenshot bot https://support.plesk.com/hc/en-us/articles/10301006946066"
