142.202.48.16 - - [17/May/2024:23:53:50 +0500] "GET /wp-admin/setup-config.php?step=1 HTTP/1.0" 404 1062 "-" "Mozlila/5.0 (Linux; Android 7.0; SM-G892A Bulid/NRD90M; wv) AppleWebKit/537.36 (KHTML, like Gecko) Version/4.0 Chrome/60.0.3112.107 Moblie Safari/537.36"
142.202.48.16 - - [17/May/2024:23:53:51 +0500] "GET /wordpress/wp-admin/setup-config.php?step=1 HTTP/1.0" 404 1062 "-" "Mozlila/5.0 (Linux; Android 7.0; SM-G892A Bulid/NRD90M; wv) AppleWebKit/537.36 (KHTML, like Gecko) Version/4.0 Chrome/60.0.3112.107 Moblie Safari/537.36"
188.119.112.182 - - [18/May/2024:00:53:05 +0500] "GET / HTTP/1.0" 200 235 "-" "python-requests/2.28.1"
89.219.35.99 - - [18/May/2024:01:02:33 +0500] "GET / HTTP/1.0" 200 235 "-" "Go-http-client/1.1"
89.219.35.99 - - [18/May/2024:01:02:33 +0500] "GET / HTTP/1.0" 200 235 "-" "Go-http-client/1.1"
206.189.231.200 - - [18/May/2024:02:44:58 +0500] "GET / HTTP/1.0" 200 235 "-" "Mozilla/5.0 (Android; Linux armv7l; rv:2.0.1) Gecko/20100101 Firefox/4.0.1 Fennec/2.0.1"
206.189.231.200 - - [18/May/2024:02:45:02 +0500] "GET / HTTP/1.0" 200 235 "-" "Mozilla/5.0 (Android; Linux armv7l; rv:2.0.1) Gecko/20100101 Firefox/4.0.1 Fennec/2.0.1"
124.223.196.50 - - [18/May/2024:03:28:37 +0500] "GET / HTTP/1.0" 200 235 "-" "Mozilla/5.0 (Linux; Android 6.0; Nexus 5 Build/MRA58N) AppleWebKit/537.36 (KHTML, like Gecko) Chrome/81.0.4044.138 Mobile Safari/537.36"
167.248.133.50 - - [17/May/2024:07:28:20 +0500] "GET / HTTP/1.1" 200 596 "-" "Mozilla/5.0 (compatible; CensysInspect/1.1; +https://about.censys.io/)"
170.64.209.16 - - [17/May/2024:07:34:35 +0500] "GET / HTTP/1.1" 200 1115 "-" "Mozilla/5.0 (Windows NT 10.0; Win64; x64) AppleWebKit/537.36 (KHTML, like Gecko) Chrome/89.0.4389.114 Safari/537.36"
170.64.209.16 - - [17/May/2024:07:34:36 +0500] "GET / HTTP/1.1" 200 1115 "-" "Mozilla/5.0 (Windows NT 10.0; Win64; x64) AppleWebKit/537.36 (KHTML, like Gecko) Chrome/89.0.4389.114 Safari/537.36"
170.64.209.16 - - [17/May/2024:07:34:37 +0500] "GET / HTTP/1.1" 200 1115 "-" "Mozilla/5.0 (Windows NT 10.0; Win64; x64) AppleWebKit/537.36 (KHTML, like Gecko) Chrome/89.0.4389.114 Safari/537.36"
170.64.209.16 - - [17/May/2024:07:37:21 +0500] "GET / HTTP/1.1" 200 1115 "-" "Mozilla/5.0 (Windows NT 10.0; Win64; x64) AppleWebKit/537.36 (KHTML, like Gecko) Chrome/89.0.4389.114 Safari/537.36"
170.64.209.16 - - [17/May/2024:07:37:22 +0500] "GET / HTTP/1.1" 200 1115 "-" "Mozilla/5.0 (Windows NT 10.0; Win64; x64) AppleWebKit/537.36 (KHTML, like Gecko) Chrome/89.0.4389.114 Safari/537.36"
170.64.209.16 - - [17/May/2024:07:37:23 +0500] "GET / HTTP/1.1" 200 1115 "-" "Mozilla/5.0 (Windows NT 10.0; Win64; x64) AppleWebKit/537.36 (KHTML, like Gecko) Chrome/89.0.4389.114 Safari/537.36"
170.64.193.243 - - [17/May/2024:07:37:31 +0500] "GET / HTTP/1.1" 200 1115 "-" "Mozilla/5.0 (Windows NT 10.0; Win64; x64) AppleWebKit/537.36 (KHTML, like Gecko) Chrome/78.0.3904.108 Safari/537.36"
170.64.193.243 - - [17/May/2024:07:37:32 +0500] "GET / HTTP/1.1" 200 1115 "-" "Mozilla/5.0 (Windows NT 10.0; Win64; x64) AppleWebKit/537.36 (KHTML, like Gecko) Chrome/78.0.3904.108 Safari/537.36"
170.64.193.243 - - [17/May/2024:07:37:33 +0500] "GET / HTTP/1.1" 200 1115 "-" "Mozilla/5.0 (Windows NT 10.0; Win64; x64) AppleWebKit/537.36 (KHTML, like Gecko) Chrome/78.0.3904.108 Safari/537.36"
170.64.209.16 - - [17/May/2024:07:37:40 +0500] "GET / HTTP/1.1" 200 1115 "-" "Mozilla/5.0 (Windows NT 10.0; Win64; x64) AppleWebKit/537.36 (KHTML, like Gecko) Chrome/89.0.4389.114 Safari/537.36"
170.64.209.16 - - [17/May/2024:07:37:41 +0500] "GET / HTTP/1.1" 200 1115 "-" "Mozilla/5.0 (Windows NT 10.0; Win64; x64) AppleWebKit/537.36 (KHTML, like Gecko) Chrome/89.0.4389.114 Safari/537.36"
170.64.209.16 - - [17/May/2024:07:37:42 +0500] "GET / HTTP/1.1" 200 1115 "-" "Mozilla/5.0 (Windows NT 10.0; Win64; x64) AppleWebKit/537.36 (KHTML, like Gecko) Chrome/89.0.4389.114 Safari/537.36"
170.64.193.243 - - [17/May/2024:07:39:33 +0500] "GET / HTTP/1.1" 200 1115 "-" "Mozilla/5.0 (Windows NT 10.0; Win64; x64) AppleWebKit/537.36 (KHTML, like Gecko) Chrome/78.0.3904.108 Safari/537.36"
170.64.193.243 - - [17/May/2024:07:39:34 +0500] "GET / HTTP/1.1" 200 1115 "-" "Mozilla/5.0 (Windows NT 10.0; Win64; x64) AppleWebKit/537.36 (KHTML, like Gecko) Chrome/78.0.3904.108 Safari/537.36"
170.64.193.243 - - [17/May/2024:07:39:35 +0500] "GET / HTTP/1.1" 200 1115 "-" "Mozilla/5.0 (Windows NT 10.0; Win64; x64) AppleWebKit/537.36 (KHTML, like Gecko) Chrome/78.0.3904.108 Safari/537.36"
170.64.193.243 - - [17/May/2024:07:39:52 +0500] "GET / HTTP/1.1" 200 1115 "-" "Mozilla/5.0 (Windows NT 10.0; Win64; x64) AppleWebKit/537.36 (KHTML, like Gecko) Chrome/78.0.3904.108 Safari/537.36"
170.64.193.243 - - [17/May/2024:07:39:52 +0500] "GET / HTTP/1.1" 200 1115 "-" "Mozilla/5.0 (Windows NT 10.0; Win64; x64) AppleWebKit/537.36 (KHTML, like Gecko) Chrome/78.0.3904.108 Safari/537.36"
170.64.193.243 - - [17/May/2024:07:39:54 +0500] "GET / HTTP/1.1" 200 1115 "-" "Mozilla/5.0 (Windows NT 10.0; Win64; x64) AppleWebKit/537.36 (KHTML, like Gecko) Chrome/78.0.3904.108 Safari/537.36"
199.45.155.49 - - [17/May/2024:07:40:52 +0500] "GET / HTTP/1.1" 200 596 "-" "Mozilla/5.0 (compatible; CensysInspect/1.1; +https://about.censys.io/)"
152.228.243.2 - - [17/May/2024:07:48:21 +0500] "GET / HTTP/1.1" 200 596 "-" "Mozilla/5.0 (Windows NT 10.0; Win64; x64; rv:125.0) Gecko/20100101 Firefox/125.0"
104.154.249.232 - - [17/May/2024:08:41:29 +0500] "GET / HTTP/1.1" 200 596 "-" "Mozilla/5.0 (X11; Linux x86_64) AppleWebKit/537.36 (KHTML, like Gecko) Chrome/59.0.3071.104 Safari/537.36"
104.154.249.232 - - [17/May/2024:08:41:56 +0500] "GET / HTTP/1.1" 200 596 "-" "Mozilla/5.0 (Linux; U; Android 2.1; en-us; Nexus One Build/ERD62) AppleWebKit/530.17 (KHTML, like Gecko) Version/4.0 Mobile Safari/530.17"
104.154.249.232 - - [17/May/2024:08:42:01 +0500] "GET / HTTP/1.1" 200 596 "-" "python-requests/2.31.0"
62.210.90.212 - - [17/May/2024:09:38:56 +0500] "GET / HTTP/1.1" 200 596 "-" "Mozilla/5.0 (Windows NT 10.0; Win64; x64) AppleWebKit/537.36 (KHTML, like Gecko) Chrome/122.0.0.0 Safari/537.3"
164.90.192.147 - - [17/May/2024:11:29:10 +0500] "GET / HTTP/1.1" 200 596 "-" "Mozilla/5.0 (Macintosh; Intel Mac OS X 10_15_7) AppleWebKit/537.36 (KHTML, like Gecko) Chrome/121.0.0.0 Safari/537.36"
131.202.14.152 - - [17/May/2024:14:14:01 +0500] "GET / HTTP/1.1" 200 596 "-" "Mozilla/5.0 (Windows NT 10.0; Win64; x64; rv:98.0) Gecko/20100101 Firefox/98.0"
34.220.108.50 - - [17/May/2024:14:37:34 +0500] "GET / HTTP/1.1" 200 596 "-" "Mozilla/5.0 (X11; Linux x86_64) AppleWebKit/537.36 (KHTML, like Gecko) Chrome/83.0.4103.97 Safari/537.36"
34.220.219.204 - - [17/May/2024:15:42:59 +0500] "GET / HTTP/1.1" 200 596 "-" "Mozilla/5.0 (Windows NT 10.0; Win64; x64)AppleWebKit/537.36 (KHTML, like Gecko) Chrome/66.0.3359.181 Safari/537.36"
51.75.141.254 - - [17/May/2024:16:39:54 +0500] "GET / HTTP/1.1" 200 596 "-" "Mozilla/5.0 (iPhone; CPU iPhone OS 17_3_1 like Mac OS X) AppleWebKit/605.1.15 (KHTML, like Gecko) Version/17.3.1 Mobile/15E148 Safari/604.1"
46.246.122.42 - - [17/May/2024:16:39:54 +0500] "GET / HTTP/1.1" 200 596 "-" "Mozilla/5.0 (iPhone; CPU iPhone OS 17_4_1 like Mac OS X) AppleWebKit/605.1.15 (KHTML, like Gecko) Version/17.4.1 Mobile/15E148 Safari/604.1"
62.216.215.246 - - [17/May/2024:16:39:55 +0500] "GET / HTTP/1.1" 200 596 "-" "Mozilla/5.0 (Windows NT 10.0; Win64; x64) AppleWebKit/537.36 (KHTML, like Gecko) Chrome/119.0.0.0 Safari/537.36 Edg/119.0.0.0"
128.90.62.53 - - [17/May/2024:16:39:55 +0500] "GET / HTTP/1.1" 200 596 "-" "Mozilla/5.0 (Windows NT 10.0; Win64; x64) AppleWebKit/537.36 (KHTML, like Gecko) Chrome/120.0.0.0 Safari/537.36 Edg/120.0.0.0"
185.253.96.48 - - [17/May/2024:16:39:55 +0500] "GET / HTTP/1.1" 200 596 "-" "Mozilla/5.0 (iPhone; CPU iPhone OS 17_3_1 like Mac OS X) AppleWebKit/605.1.15 (KHTML, like Gecko) Version/17.3.1 Mobile/15E148 Safari/604.1"
94.131.63.38 - - [17/May/2024:18:05:11 +0500] "GET / HTTP/1.1" 200 596 "-" "Mozilla/5.0 (Windows NT 10.0; Win64; x64; rv:89.0) Gecko/20100101 Firefox/89.0"
206.189.231.200 - - [17/May/2024:19:31:14 +0500] "GET / HTTP/1.1" 200 596 "-" "Go-http-client/1.1"
170.64.193.243 - - [17/May/2024:21:23:48 +0500] "GET / HTTP/1.1" 200 1115 "-" "Mozilla/5.0 (Windows NT 10.0; Win64; x64) AppleWebKit/537.36 (KHTML, like Gecko) Chrome/78.0.3904.108 Safari/537.36"
170.64.193.243 - - [17/May/2024:21:23:49 +0500] "GET / HTTP/1.1" 200 1115 "-" "Mozilla/5.0 (Windows NT 10.0; Win64; x64) AppleWebKit/537.36 (KHTML, like Gecko) Chrome/78.0.3904.108 Safari/537.36"
170.64.193.243 - - [17/May/2024:21:23:50 +0500] "GET / HTTP/1.1" 200 1115 "-" "Mozilla/5.0 (Windows NT 10.0; Win64; x64) AppleWebKit/537.36 (KHTML, like Gecko) Chrome/78.0.3904.108 Safari/537.36"
170.64.209.16 - - [17/May/2024:21:36:30 +0500] "GET / HTTP/1.1" 200 1115 "-" "Mozilla/5.0 (Windows NT 10.0; Win64; x64) AppleWebKit/537.36 (KHTML, like Gecko) Chrome/89.0.4389.114 Safari/537.36"
170.64.209.16 - - [17/May/2024:21:36:31 +0500] "GET / HTTP/1.1" 200 1115 "-" "Mozilla/5.0 (Windows NT 10.0; Win64; x64) AppleWebKit/537.36 (KHTML, like Gecko) Chrome/89.0.4389.114 Safari/537.36"
170.64.209.16 - - [17/May/2024:21:36:32 +0500] "GET / HTTP/1.1" 200 1115 "-" "Mozilla/5.0 (Windows NT 10.0; Win64; x64) AppleWebKit/537.36 (KHTML, like Gecko) Chrome/89.0.4389.114 Safari/537.36"
170.64.193.243 - - [17/May/2024:23:00:51 +0500] "GET / HTTP/1.1" 200 1115 "-" "Mozilla/5.0 (Windows NT 10.0; Win64; x64) AppleWebKit/537.36 (KHTML, like Gecko) Chrome/78.0.3904.108 Safari/537.36"
170.64.193.243 - - [17/May/2024:23:00:52 +0500] "GET / HTTP/1.1" 200 1115 "-" "Mozilla/5.0 (Windows NT 10.0; Win64; x64) AppleWebKit/537.36 (KHTML, like Gecko) Chrome/78.0.3904.108 Safari/537.36"
170.64.193.243 - - [17/May/2024:23:00:53 +0500] "GET / HTTP/1.1" 200 1115 "-" "Mozilla/5.0 (Windows NT 10.0; Win64; x64) AppleWebKit/537.36 (KHTML, like Gecko) Chrome/78.0.3904.108 Safari/537.36"
170.64.209.16 - - [17/May/2024:23:05:55 +0500] "GET / HTTP/1.1" 200 1115 "-" "Mozilla/5.0 (Windows NT 10.0; Win64; x64) AppleWebKit/537.36 (KHTML, like Gecko) Chrome/89.0.4389.114 Safari/537.36"
170.64.209.16 - - [17/May/2024:23:05:56 +0500] "GET / HTTP/1.1" 200 1115 "-" "Mozilla/5.0 (Windows NT 10.0; Win64; x64) AppleWebKit/537.36 (KHTML, like Gecko) Chrome/89.0.4389.114 Safari/537.36"
170.64.209.16 - - [17/May/2024:23:05:57 +0500] "GET / HTTP/1.1" 200 1115 "-" "Mozilla/5.0 (Windows NT 10.0; Win64; x64) AppleWebKit/537.36 (KHTML, like Gecko) Chrome/89.0.4389.114 Safari/537.36"
170.64.193.243 - - [17/May/2024:23:25:55 +0500] "GET / HTTP/1.1" 200 1115 "-" "Mozilla/5.0 (Windows NT 10.0; Win64; x64) AppleWebKit/537.36 (KHTML, like Gecko) Chrome/78.0.3904.108 Safari/537.36"
170.64.193.243 - - [17/May/2024:23:25:55 +0500] "GET / HTTP/1.1" 200 1115 "-" "Mozilla/5.0 (Windows NT 10.0; Win64; x64) AppleWebKit/537.36 (KHTML, like Gecko) Chrome/78.0.3904.108 Safari/537.36"
170.64.193.243 - - [17/May/2024:23:25:57 +0500] "GET / HTTP/1.1" 200 1115 "-" "Mozilla/5.0 (Windows NT 10.0; Win64; x64) AppleWebKit/537.36 (KHTML, like Gecko) Chrome/78.0.3904.108 Safari/537.36"
170.64.209.16 - - [17/May/2024:23:31:59 +0500] "GET / HTTP/1.1" 200 1115 "-" "Mozilla/5.0 (Windows NT 10.0; Win64; x64) AppleWebKit/537.36 (KHTML, like Gecko) Chrome/89.0.4389.114 Safari/537.36"
170.64.209.16 - - [17/May/2024:23:32:00 +0500] "GET / HTTP/1.1" 200 1115 "-" "Mozilla/5.0 (Windows NT 10.0; Win64; x64) AppleWebKit/537.36 (KHTML, like Gecko) Chrome/89.0.4389.114 Safari/537.36"
170.64.209.16 - - [17/May/2024:23:32:01 +0500] "GET / HTTP/1.1" 200 1115 "-" "Mozilla/5.0 (Windows NT 10.0; Win64; x64) AppleWebKit/537.36 (KHTML, like Gecko) Chrome/89.0.4389.114 Safari/537.36"
188.119.112.182 - - [18/May/2024:00:53:05 +0500] "GET / HTTP/1.1" 200 596 "-" "python-requests/2.28.1"
89.219.35.99 - - [18/May/2024:01:02:33 +0500] "GET / HTTP/1.1" 200 596 "-" "Go-http-client/1.1"
89.219.35.99 - - [18/May/2024:01:02:33 +0500] "GET / HTTP/1.1" 200 596 "-" "Go-http-client/1.1"
206.189.231.200 - - [18/May/2024:02:44:58 +0500] "GET / HTTP/1.1" 200 596 "-" "Mozilla/5.0 (Android; Linux armv7l; rv:2.0.1) Gecko/20100101 Firefox/4.0.1 Fennec/2.0.1"
206.189.231.200 - - [18/May/2024:02:45:02 +0500] "GET / HTTP/1.1" 200 596 "-" "Mozilla/5.0 (Android; Linux armv7l; rv:2.0.1) Gecko/20100101 Firefox/4.0.1 Fennec/2.0.1"
124.223.196.50 - - [18/May/2024:03:28:37 +0500] "GET / HTTP/1.1" 200 596 "-" "Mozilla/5.0 (Linux; Android 6.0; Nexus 5 Build/MRA58N) AppleWebKit/537.36 (KHTML, like Gecko) Chrome/81.0.4044.138 Mobile Safari/537.36"
167.172.55.41 - - [18/May/2024:09:26:07 +0500] "GET / HTTP/1.0" 200 235 "-" "Mozilla/5.0 (Macintosh; Intel Mac OS X 10_15_7) AppleWebKit/537.36 (KHTML, like Gecko) Chrome/121.0.0.0 Safari/537.36"
206.189.231.200 - - [18/May/2024:11:24:18 +0500] "GET / HTTP/1.0" 200 235 "-" "Mozilla/5.0 (Windows NT 10.0; WOW64) AppleWebKit/537.36 (KHTML, like Gecko) Chrome/100.0.4896.136 Safari/537.36"
206.189.231.200 - - [18/May/2024:11:24:22 +0500] "GET / HTTP/1.0" 200 235 "-" "Mozilla/5.0 (Windows NT 10.0; WOW64) AppleWebKit/537.36 (KHTML, like Gecko) Chrome/100.0.4896.136 Safari/537.36"
178.33.107.250 - - [18/May/2024:11:39:23 +0500] "GET / HTTP/1.0" 200 235 "-" "Python/3.10 aiohttp/3.8.3"
35.90.113.98 - - [18/May/2024:15:27:39 +0500] "GET / HTTP/1.0" 200 235 "-" "Mozilla/5.0 (Windows NT 10.0; Win64; x64)AppleWebKit/537.36 (KHTML, like Gecko) Chrome/66.0.3359.181 Safari/537.36"
159.65.221.192 - - [18/May/2024:18:19:42 +0500] "GET / HTTP/1.0" 200 235 "-" "Mozilla/5.0 (Macintosh; Intel Mac OS X 10_15_7) AppleWebKit/537.36 (KHTML, like Gecko) Chrome/121.0.0.0 Safari/537.36"
35.205.159.124 - - [18/May/2024:18:31:33 +0500] "GET / HTTP/1.0" 200 235 "-" "python-requests/2.23.0"
206.189.231.200 - - [18/May/2024:19:44:00 +0500] "GET / HTTP/1.0" 200 235 "-" "Go-http-client/1.1"
51.159.103.19 - - [18/May/2024:20:48:34 +0500] "HEAD / HTTP/1.0" 200 271 "-" "curl/7.81.0"
51.159.103.19 - - [18/May/2024:20:48:42 +0500] "GET /sellers.json HTTP/1.0" 404 1062 "-" "Mozilla/5.0 (Windows NT 10.0; Win64; x64) AppleWebKit/537.36 (KHTML, like Gecko) Chrome/124.0.0.0 Safari/537.3"
170.64.209.16 - - [18/May/2024:22:24:32 +0500] "GET / HTTP/1.0" 200 235 "-" "Mozilla/5.0 (Windows NT 10.0; Win64; x64) AppleWebKit/537.36 (KHTML, like Gecko) Chrome/89.0.4389.114 Safari/537.36"
170.64.209.16 - - [18/May/2024:22:24:33 +0500] "GET / HTTP/1.0" 200 235 "-" "Mozilla/5.0 (Windows NT 10.0; Win64; x64) AppleWebKit/537.36 (KHTML, like Gecko) Chrome/89.0.4389.114 Safari/537.36"
170.64.209.16 - - [18/May/2024:22:24:33 +0500] "GET /wp-includes/wlwmanifest.xml HTTP/1.0" 404 1062 "-" "Mozilla/5.0 (Windows NT 10.0; Win64; x64) AppleWebKit/537.36 (KHTML, like Gecko) Chrome/89.0.4389.114 Safari/537.36"
170.64.209.16 - - [18/May/2024:22:24:34 +0500] "GET /xmlrpc.php?rsd HTTP/1.0" 404 1062 "-" "Mozilla/5.0 (Windows NT 10.0; Win64; x64) AppleWebKit/537.36 (KHTML, like Gecko) Chrome/89.0.4389.114 Safari/537.36"
170.64.209.16 - - [18/May/2024:22:24:34 +0500] "GET / HTTP/1.0" 200 235 "-" "Mozilla/5.0 (Windows NT 10.0; Win64; x64) AppleWebKit/537.36 (KHTML, like Gecko) Chrome/89.0.4389.114 Safari/537.36"
170.64.209.16 - - [18/May/2024:22:24:35 +0500] "GET /blog/wp-includes/wlwmanifest.xml HTTP/1.0" 404 1062 "-" "Mozilla/5.0 (Windows NT 10.0; Win64; x64) AppleWebKit/537.36 (KHTML, like Gecko) Chrome/89.0.4389.114 Safari/537.36"
170.64.209.16 - - [18/May/2024:22:24:35 +0500] "GET /web/wp-includes/wlwmanifest.xml HTTP/1.0" 404 1062 "-" "Mozilla/5.0 (Windows NT 10.0; Win64; x64) AppleWebKit/537.36 (KHTML, like Gecko) Chrome/89.0.4389.114 Safari/537.36"
170.64.209.16 - - [18/May/2024:22:24:35 +0500] "GET /wordpress/wp-includes/wlwmanifest.xml HTTP/1.0" 404 1062 "-" "Mozilla/5.0 (Windows NT 10.0; Win64; x64) AppleWebKit/537.36 (KHTML, like Gecko) Chrome/89.0.4389.114 Safari/537.36"
170.64.209.16 - - [18/May/2024:22:24:36 +0500] "GET /website/wp-includes/wlwmanifest.xml HTTP/1.0" 404 1062 "-" "Mozilla/5.0 (Windows NT 10.0; Win64; x64) AppleWebKit/537.36 (KHTML, like Gecko) Chrome/89.0.4389.114 Safari/537.36"
170.64.209.16 - - [18/May/2024:22:24:36 +0500] "GET /wp/wp-includes/wlwmanifest.xml HTTP/1.0" 404 1062 "-" "Mozilla/5.0 (Windows NT 10.0; Win64; x64) AppleWebKit/537.36 (KHTML, like Gecko) Chrome/89.0.4389.114 Safari/537.36"
170.64.209.16 - - [18/May/2024:22:24:36 +0500] "GET /news/wp-includes/wlwmanifest.xml HTTP/1.0" 404 1062 "-" "Mozilla/5.0 (Windows NT 10.0; Win64; x64) AppleWebKit/537.36 (KHTML, like Gecko) Chrome/89.0.4389.114 Safari/537.36"
170.64.209.16 - - [18/May/2024:22:24:37 +0500] "GET /2020/wp-includes/wlwmanifest.xml HTTP/1.0" 404 1062 "-" "Mozilla/5.0 (Windows NT 10.0; Win64; x64) AppleWebKit/537.36 (KHTML, like Gecko) Chrome/89.0.4389.114 Safari/537.36"
170.64.209.16 - - [18/May/2024:22:24:37 +0500] "GET /2019/wp-includes/wlwmanifest.xml HTTP/1.0" 404 1062 "-" "Mozilla/5.0 (Windows NT 10.0; Win64; x64) AppleWebKit/537.36 (KHTML, like Gecko) Chrome/89.0.4389.114 Safari/537.36"
170.64.209.16 - - [18/May/2024:22:24:37 +0500] "GET /shop/wp-includes/wlwmanifest.xml HTTP/1.0" 404 1062 "-" "Mozilla/5.0 (Windows NT 10.0; Win64; x64) AppleWebKit/537.36 (KHTML, like Gecko) Chrome/89.0.4389.114 Safari/537.36"
170.64.209.16 - - [18/May/2024:22:24:37 +0500] "GET /wp1/wp-includes/wlwmanifest.xml HTTP/1.0" 404 1062 "-" "Mozilla/5.0 (Windows NT 10.0; Win64; x64) AppleWebKit/537.36 (KHTML, like Gecko) Chrome/89.0.4389.114 Safari/537.36"
170.64.209.16 - - [18/May/2024:22:24:38 +0500] "GET /test/wp-includes/wlwmanifest.xml HTTP/1.0" 404 1062 "-" "Mozilla/5.0 (Windows NT 10.0; Win64; x64) AppleWebKit/537.36 (KHTML, like Gecko) Chrome/89.0.4389.114 Safari/537.36"
170.64.209.16 - - [18/May/2024:22:24:38 +0500] "GET /wp2/wp-includes/wlwmanifest.xml HTTP/1.0" 404 1062 "-" "Mozilla/5.0 (Windows NT 10.0; Win64; x64) AppleWebKit/537.36 (KHTML, like Gecko) Chrome/89.0.4389.114 Safari/537.36"
170.64.209.16 - - [18/May/2024:22:24:38 +0500] "GET /site/wp-includes/wlwmanifest.xml HTTP/1.0" 404 1062 "-" "Mozilla/5.0 (Windows NT 10.0; Win64; x64) AppleWebKit/537.36 (KHTML, like Gecko) Chrome/89.0.4389.114 Safari/537.36"
170.64.209.16 - - [18/May/2024:22:24:39 +0500] "GET /cms/wp-includes/wlwmanifest.xml HTTP/1.0" 404 1062 "-" "Mozilla/5.0 (Windows NT 10.0; Win64; x64) AppleWebKit/537.36 (KHTML, like Gecko) Chrome/89.0.4389.114 Safari/537.36"
170.64.209.16 - - [18/May/2024:22:24:39 +0500] "GET /sito/wp-includes/wlwmanifest.xml HTTP/1.0" 404 1062 "-" "Mozilla/5.0 (Windows NT 10.0; Win64; x64) AppleWebKit/537.36 (KHTML, like Gecko) Chrome/89.0.4389.114 Safari/537.36"
170.64.193.243 - - [18/May/2024:22:29:03 +0500] "GET / HTTP/1.0" 200 235 "-" "Mozilla/5.0 (Windows NT 10.0; Win64; x64) AppleWebKit/537.36 (KHTML, like Gecko) Chrome/78.0.3904.108 Safari/537.36"
170.64.193.243 - - [18/May/2024:22:29:05 +0500] "GET / HTTP/1.0" 200 235 "-" "Mozilla/5.0 (Windows NT 10.0; Win64; x64) AppleWebKit/537.36 (KHTML, like Gecko) Chrome/78.0.3904.108 Safari/537.36"
170.64.193.243 - - [18/May/2024:22:29:06 +0500] "GET /wp-includes/wlwmanifest.xml HTTP/1.0" 404 1062 "-" "Mozilla/5.0 (Windows NT 10.0; Win64; x64) AppleWebKit/537.36 (KHTML, like Gecko) Chrome/78.0.3904.108 Safari/537.36"
170.64.193.243 - - [18/May/2024:22:29:06 +0500] "GET /xmlrpc.php?rsd HTTP/1.0" 404 1062 "-" "Mozilla/5.0 (Windows NT 10.0; Win64; x64) AppleWebKit/537.36 (KHTML, like Gecko) Chrome/78.0.3904.108 Safari/537.36"
170.64.193.243 - - [18/May/2024:22:29:06 +0500] "GET / HTTP/1.0" 200 235 "-" "Mozilla/5.0 (Windows NT 10.0; Win64; x64) AppleWebKit/537.36 (KHTML, like Gecko) Chrome/78.0.3904.108 Safari/537.36"
170.64.193.243 - - [18/May/2024:22:29:07 +0500] "GET /blog/wp-includes/wlwmanifest.xml HTTP/1.0" 404 1062 "-" "Mozilla/5.0 (Windows NT 10.0; Win64; x64) AppleWebKit/537.36 (KHTML, like Gecko) Chrome/78.0.3904.108 Safari/537.36"
170.64.193.243 - - [18/May/2024:22:29:07 +0500] "GET /web/wp-includes/wlwmanifest.xml HTTP/1.0" 404 1062 "-" "Mozilla/5.0 (Windows NT 10.0; Win64; x64) AppleWebKit/537.36 (KHTML, like Gecko) Chrome/78.0.3904.108 Safari/537.36"
170.64.193.243 - - [18/May/2024:22:29:08 +0500] "GET /wordpress/wp-includes/wlwmanifest.xml HTTP/1.0" 404 1062 "-" "Mozilla/5.0 (Windows NT 10.0; Win64; x64) AppleWebKit/537.36 (KHTML, like Gecko) Chrome/78.0.3904.108 Safari/537.36"
170.64.193.243 - - [18/May/2024:22:29:08 +0500] "GET /website/wp-includes/wlwmanifest.xml HTTP/1.0" 404 1062 "-" "Mozilla/5.0 (Windows NT 10.0; Win64; x64) AppleWebKit/537.36 (KHTML, like Gecko) Chrome/78.0.3904.108 Safari/537.36"
170.64.193.243 - - [18/May/2024:22:29:08 +0500] "GET /wp/wp-includes/wlwmanifest.xml HTTP/1.0" 404 1062 "-" "Mozilla/5.0 (Windows NT 10.0; Win64; x64) AppleWebKit/537.36 (KHTML, like Gecko) Chrome/78.0.3904.108 Safari/537.36"
170.64.193.243 - - [18/May/2024:22:29:09 +0500] "GET /news/wp-includes/wlwmanifest.xml HTTP/1.0" 404 1062 "-" "Mozilla/5.0 (Windows NT 10.0; Win64; x64) AppleWebKit/537.36 (KHTML, like Gecko) Chrome/78.0.3904.108 Safari/537.36"
170.64.193.243 - - [18/May/2024:22:29:09 +0500] "GET /2018/wp-includes/wlwmanifest.xml HTTP/1.0" 404 1062 "-" "Mozilla/5.0 (Windows NT 10.0; Win64; x64) AppleWebKit/537.36 (KHTML, like Gecko) Chrome/78.0.3904.108 Safari/537.36"
170.64.193.243 - - [18/May/2024:22:29:09 +0500] "GET /2019/wp-includes/wlwmanifest.xml HTTP/1.0" 404 1062 "-" "Mozilla/5.0 (Windows NT 10.0; Win64; x64) AppleWebKit/537.36 (KHTML, like Gecko) Chrome/78.0.3904.108 Safari/537.36"
170.64.193.243 - - [18/May/2024:22:29:10 +0500] "GET /shop/wp-includes/wlwmanifest.xml HTTP/1.0" 404 1062 "-" "Mozilla/5.0 (Windows NT 10.0; Win64; x64) AppleWebKit/537.36 (KHTML, like Gecko) Chrome/78.0.3904.108 Safari/537.36"
170.64.193.243 - - [18/May/2024:22:29:10 +0500] "GET /wp1/wp-includes/wlwmanifest.xml HTTP/1.0" 404 1062 "-" "Mozilla/5.0 (Windows NT 10.0; Win64; x64) AppleWebKit/537.36 (KHTML, like Gecko) Chrome/78.0.3904.108 Safari/537.36"
170.64.193.243 - - [18/May/2024:22:29:10 +0500] "GET /test/wp-includes/wlwmanifest.xml HTTP/1.0" 404 1062 "-" "Mozilla/5.0 (Windows NT 10.0; Win64; x64) AppleWebKit/537.36 (KHTML, like Gecko) Chrome/78.0.3904.108 Safari/537.36"
170.64.193.243 - - [18/May/2024:22:29:11 +0500] "GET /media/wp-includes/wlwmanifest.xml HTTP/1.0" 404 1062 "-" "Mozilla/5.0 (Windows NT 10.0; Win64; x64) AppleWebKit/537.36 (KHTML, like Gecko) Chrome/78.0.3904.108 Safari/537.36"
170.64.193.243 - - [18/May/2024:22:29:11 +0500] "GET /wp2/wp-includes/wlwmanifest.xml HTTP/1.0" 404 1062 "-" "Mozilla/5.0 (Windows NT 10.0; Win64; x64) AppleWebKit/537.36 (KHTML, like Gecko) Chrome/78.0.3904.108 Safari/537.36"
170.64.193.243 - - [18/May/2024:22:29:12 +0500] "GET /site/wp-includes/wlwmanifest.xml HTTP/1.0" 404 1062 "-" "Mozilla/5.0 (Windows NT 10.0; Win64; x64) AppleWebKit/537.36 (KHTML, like Gecko) Chrome/78.0.3904.108 Safari/537.36"
170.64.193.243 - - [18/May/2024:22:29:12 +0500] "GET /cms/wp-includes/wlwmanifest.xml HTTP/1.0" 404 1062 "-" "Mozilla/5.0 (Windows NT 10.0; Win64; x64) AppleWebKit/537.36 (KHTML, like Gecko) Chrome/78.0.3904.108 Safari/537.36"
170.64.193.243 - - [18/May/2024:22:29:12 +0500] "GET /sito/wp-includes/wlwmanifest.xml HTTP/1.0" 404 1062 "-" "Mozilla/5.0 (Windows NT 10.0; Win64; x64) AppleWebKit/537.36 (KHTML, like Gecko) Chrome/78.0.3904.108 Safari/537.36"
170.64.193.243 - - [18/May/2024:22:41:53 +0500] "GET / HTTP/1.0" 200 235 "-" "Mozilla/5.0 (Windows NT 10.0; Win64; x64) AppleWebKit/537.36 (KHTML, like Gecko) Chrome/78.0.3904.108 Safari/537.36"
170.64.193.243 - - [18/May/2024:22:41:54 +0500] "GET / HTTP/1.0" 200 235 "-" "Mozilla/5.0 (Windows NT 10.0; Win64; x64) AppleWebKit/537.36 (KHTML, like Gecko) Chrome/78.0.3904.108 Safari/537.36"
170.64.193.243 - - [18/May/2024:22:42:01 +0500] "GET /website/wp-includes/wlwmanifest.xml HTTP/1.0" 404 1062 "-" "Mozilla/5.0 (Windows NT 10.0; Win64; x64) AppleWebKit/537.36 (KHTML, like Gecko) Chrome/78.0.3904.108 Safari/537.36"
170.64.193.243 - - [18/May/2024:22:42:01 +0500] "GET /wp/wp-includes/wlwmanifest.xml HTTP/1.0" 404 1062 "-" "Mozilla/5.0 (Windows NT 10.0; Win64; x64) AppleWebKit/537.36 (KHTML, like Gecko) Chrome/78.0.3904.108 Safari/537.36"
170.64.193.243 - - [18/May/2024:22:42:02 +0500] "GET /news/wp-includes/wlwmanifest.xml HTTP/1.0" 404 1062 "-" "Mozilla/5.0 (Windows NT 10.0; Win64; x64) AppleWebKit/537.36 (KHTML, like Gecko) Chrome/78.0.3904.108 Safari/537.36"
170.64.193.243 - - [18/May/2024:22:42:02 +0500] "GET /2018/wp-includes/wlwmanifest.xml HTTP/1.0" 404 1062 "-" "Mozilla/5.0 (Windows NT 10.0; Win64; x64) AppleWebKit/537.36 (KHTML, like Gecko) Chrome/78.0.3904.108 Safari/537.36"
170.64.193.243 - - [18/May/2024:22:42:03 +0500] "GET /2019/wp-includes/wlwmanifest.xml HTTP/1.0" 404 1062 "-" "Mozilla/5.0 (Windows NT 10.0; Win64; x64) AppleWebKit/537.36 (KHTML, like Gecko) Chrome/78.0.3904.108 Safari/537.36"
170.64.193.243 - - [18/May/2024:22:42:03 +0500] "GET /shop/wp-includes/wlwmanifest.xml HTTP/1.0" 404 1062 "-" "Mozilla/5.0 (Windows NT 10.0; Win64; x64) AppleWebKit/537.36 (KHTML, like Gecko) Chrome/78.0.3904.108 Safari/537.36"
170.64.193.243 - - [18/May/2024:22:42:03 +0500] "GET /wp1/wp-includes/wlwmanifest.xml HTTP/1.0" 404 1062 "-" "Mozilla/5.0 (Windows NT 10.0; Win64; x64) AppleWebKit/537.36 (KHTML, like Gecko) Chrome/78.0.3904.108 Safari/537.36"
170.64.193.243 - - [18/May/2024:22:42:04 +0500] "GET /test/wp-includes/wlwmanifest.xml HTTP/1.0" 404 1062 "-" "Mozilla/5.0 (Windows NT 10.0; Win64; x64) AppleWebKit/537.36 (KHTML, like Gecko) Chrome/78.0.3904.108 Safari/537.36"
170.64.193.243 - - [18/May/2024:22:42:04 +0500] "GET /media/wp-includes/wlwmanifest.xml HTTP/1.0" 404 1062 "-" "Mozilla/5.0 (Windows NT 10.0; Win64; x64) AppleWebKit/537.36 (KHTML, like Gecko) Chrome/78.0.3904.108 Safari/537.36"
170.64.193.243 - - [18/May/2024:22:42:04 +0500] "GET /wp2/wp-includes/wlwmanifest.xml HTTP/1.0" 404 1062 "-" "Mozilla/5.0 (Windows NT 10.0; Win64; x64) AppleWebKit/537.36 (KHTML, like Gecko) Chrome/78.0.3904.108 Safari/537.36"
170.64.193.243 - - [18/May/2024:22:42:05 +0500] "GET /site/wp-includes/wlwmanifest.xml HTTP/1.0" 404 1062 "-" "Mozilla/5.0 (Windows NT 10.0; Win64; x64) AppleWebKit/537.36 (KHTML, like Gecko) Chrome/78.0.3904.108 Safari/537.36"
170.64.193.243 - - [18/May/2024:22:42:05 +0500] "GET /cms/wp-includes/wlwmanifest.xml HTTP/1.0" 404 1062 "-" "Mozilla/5.0 (Windows NT 10.0; Win64; x64) AppleWebKit/537.36 (KHTML, like Gecko) Chrome/78.0.3904.108 Safari/537.36"
170.64.193.243 - - [18/May/2024:22:42:05 +0500] "GET /sito/wp-includes/wlwmanifest.xml HTTP/1.0" 404 1062 "-" "Mozilla/5.0 (Windows NT 10.0; Win64; x64) AppleWebKit/537.36 (KHTML, like Gecko) Chrome/78.0.3904.108 Safari/537.36"
170.64.209.16 - - [18/May/2024:22:43:25 +0500] "GET / HTTP/1.0" 200 235 "-" "Mozilla/5.0 (Windows NT 10.0; Win64; x64) AppleWebKit/537.36 (KHTML, like Gecko) Chrome/89.0.4389.114 Safari/537.36"
170.64.209.16 - - [18/May/2024:22:43:26 +0500] "GET / HTTP/1.0" 200 235 "-" "Mozilla/5.0 (Windows NT 10.0; Win64; x64) AppleWebKit/537.36 (KHTML, like Gecko) Chrome/89.0.4389.114 Safari/537.36"
170.64.209.16 - - [18/May/2024:22:43:26 +0500] "GET /wp-includes/wlwmanifest.xml HTTP/1.0" 404 1062 "-" "Mozilla/5.0 (Windows NT 10.0; Win64; x64) AppleWebKit/537.36 (KHTML, like Gecko) Chrome/89.0.4389.114 Safari/537.36"
170.64.209.16 - - [18/May/2024:22:43:26 +0500] "GET /xmlrpc.php?rsd HTTP/1.0" 404 1062 "-" "Mozilla/5.0 (Windows NT 10.0; Win64; x64) AppleWebKit/537.36 (KHTML, like Gecko) Chrome/89.0.4389.114 Safari/537.36"
170.64.209.16 - - [18/May/2024:22:43:27 +0500] "GET / HTTP/1.0" 200 235 "-" "Mozilla/5.0 (Windows NT 10.0; Win64; x64) AppleWebKit/537.36 (KHTML, like Gecko) Chrome/89.0.4389.114 Safari/537.36"
170.64.209.16 - - [18/May/2024:22:43:27 +0500] "GET /blog/wp-includes/wlwmanifest.xml HTTP/1.0" 404 1062 "-" "Mozilla/5.0 (Windows NT 10.0; Win64; x64) AppleWebKit/537.36 (KHTML, like Gecko) Chrome/89.0.4389.114 Safari/537.36"
170.64.209.16 - - [18/May/2024:22:43:28 +0500] "GET /web/wp-includes/wlwmanifest.xml HTTP/1.0" 404 1062 "-" "Mozilla/5.0 (Windows NT 10.0; Win64; x64) AppleWebKit/537.36 (KHTML, like Gecko) Chrome/89.0.4389.114 Safari/537.36"
170.64.209.16 - - [18/May/2024:22:43:28 +0500] "GET /wordpress/wp-includes/wlwmanifest.xml HTTP/1.0" 404 1062 "-" "Mozilla/5.0 (Windows NT 10.0; Win64; x64) AppleWebKit/537.36 (KHTML, like Gecko) Chrome/89.0.4389.114 Safari/537.36"
170.64.209.16 - - [18/May/2024:22:43:28 +0500] "GET /website/wp-includes/wlwmanifest.xml HTTP/1.0" 404 1062 "-" "Mozilla/5.0 (Windows NT 10.0; Win64; x64) AppleWebKit/537.36 (KHTML, like Gecko) Chrome/89.0.4389.114 Safari/537.36"
170.64.209.16 - - [18/May/2024:22:43:29 +0500] "GET /wp/wp-includes/wlwmanifest.xml HTTP/1.0" 404 1062 "-" "Mozilla/5.0 (Windows NT 10.0; Win64; x64) AppleWebKit/537.36 (KHTML, like Gecko) Chrome/89.0.4389.114 Safari/537.36"
170.64.209.16 - - [18/May/2024:22:43:29 +0500] "GET /news/wp-includes/wlwmanifest.xml HTTP/1.0" 404 1062 "-" "Mozilla/5.0 (Windows NT 10.0; Win64; x64) AppleWebKit/537.36 (KHTML, like Gecko) Chrome/89.0.4389.114 Safari/537.36"
170.64.209.16 - - [18/May/2024:22:43:29 +0500] "GET /2020/wp-includes/wlwmanifest.xml HTTP/1.0" 404 1062 "-" "Mozilla/5.0 (Windows NT 10.0; Win64; x64) AppleWebKit/537.36 (KHTML, like Gecko) Chrome/89.0.4389.114 Safari/537.36"
170.64.209.16 - - [18/May/2024:22:43:30 +0500] "GET /2019/wp-includes/wlwmanifest.xml HTTP/1.0" 404 1062 "-" "Mozilla/5.0 (Windows NT 10.0; Win64; x64) AppleWebKit/537.36 (KHTML, like Gecko) Chrome/89.0.4389.114 Safari/537.36"
170.64.209.16 - - [18/May/2024:22:43:30 +0500] "GET /shop/wp-includes/wlwmanifest.xml HTTP/1.0" 404 1062 "-" "Mozilla/5.0 (Windows NT 10.0; Win64; x64) AppleWebKit/537.36 (KHTML, like Gecko) Chrome/89.0.4389.114 Safari/537.36"
170.64.209.16 - - [18/May/2024:22:43:30 +0500] "GET /wp1/wp-includes/wlwmanifest.xml HTTP/1.0" 404 1062 "-" "Mozilla/5.0 (Windows NT 10.0; Win64; x64) AppleWebKit/537.36 (KHTML, like Gecko) Chrome/89.0.4389.114 Safari/537.36"
170.64.209.16 - - [18/May/2024:22:43:30 +0500] "GET /test/wp-includes/wlwmanifest.xml HTTP/1.0" 404 1062 "-" "Mozilla/5.0 (Windows NT 10.0; Win64; x64) AppleWebKit/537.36 (KHTML, like Gecko) Chrome/89.0.4389.114 Safari/537.36"
170.64.209.16 - - [18/May/2024:22:43:31 +0500] "GET /wp2/wp-includes/wlwmanifest.xml HTTP/1.0" 404 1062 "-" "Mozilla/5.0 (Windows NT 10.0; Win64; x64) AppleWebKit/537.36 (KHTML, like Gecko) Chrome/89.0.4389.114 Safari/537.36"
170.64.209.16 - - [18/May/2024:22:43:31 +0500] "GET /site/wp-includes/wlwmanifest.xml HTTP/1.0" 404 1062 "-" "Mozilla/5.0 (Windows NT 10.0; Win64; x64) AppleWebKit/537.36 (KHTML, like Gecko) Chrome/89.0.4389.114 Safari/537.36"
170.64.209.16 - - [18/May/2024:22:43:31 +0500] "GET /cms/wp-includes/wlwmanifest.xml HTTP/1.0" 404 1062 "-" "Mozilla/5.0 (Windows NT 10.0; Win64; x64) AppleWebKit/537.36 (KHTML, like Gecko) Chrome/89.0.4389.114 Safari/537.36"
170.64.209.16 - - [18/May/2024:22:43:32 +0500] "GET /sito/wp-includes/wlwmanifest.xml HTTP/1.0" 404 1062 "-" "Mozilla/5.0 (Windows NT 10.0; Win64; x64) AppleWebKit/537.36 (KHTML, like Gecko) Chrome/89.0.4389.114 Safari/537.36"
170.64.193.243 - - [18/May/2024:22:45:59 +0500] "GET / HTTP/1.0" 200 235 "-" "Mozilla/5.0 (Windows NT 10.0; Win64; x64) AppleWebKit/537.36 (KHTML, like Gecko) Chrome/78.0.3904.108 Safari/537.36"
170.64.193.243 - - [18/May/2024:22:46:00 +0500] "GET / HTTP/1.0" 200 235 "-" "Mozilla/5.0 (Windows NT 10.0; Win64; x64) AppleWebKit/537.36 (KHTML, like Gecko) Chrome/78.0.3904.108 Safari/537.36"
170.64.193.243 - - [18/May/2024:22:46:01 +0500] "GET /wp-includes/wlwmanifest.xml HTTP/1.0" 404 1062 "-" "Mozilla/5.0 (Windows NT 10.0; Win64; x64) AppleWebKit/537.36 (KHTML, like Gecko) Chrome/78.0.3904.108 Safari/537.36"
170.64.193.243 - - [18/May/2024:22:46:01 +0500] "GET /xmlrpc.php?rsd HTTP/1.0" 404 1062 "-" "Mozilla/5.0 (Windows NT 10.0; Win64; x64) AppleWebKit/537.36 (KHTML, like Gecko) Chrome/78.0.3904.108 Safari/537.36"
170.64.193.243 - - [18/May/2024:22:46:02 +0500] "GET / HTTP/1.0" 200 235 "-" "Mozilla/5.0 (Windows NT 10.0; Win64; x64) AppleWebKit/537.36 (KHTML, like Gecko) Chrome/78.0.3904.108 Safari/537.36"
170.64.193.243 - - [18/May/2024:22:46:02 +0500] "GET /blog/wp-includes/wlwmanifest.xml HTTP/1.0" 404 1062 "-" "Mozilla/5.0 (Windows NT 10.0; Win64; x64) AppleWebKit/537.36 (KHTML, like Gecko) Chrome/78.0.3904.108 Safari/537.36"
170.64.193.243 - - [18/May/2024:22:46:03 +0500] "GET /web/wp-includes/wlwmanifest.xml HTTP/1.0" 404 1062 "-" "Mozilla/5.0 (Windows NT 10.0; Win64; x64) AppleWebKit/537.36 (KHTML, like Gecko) Chrome/78.0.3904.108 Safari/537.36"
170.64.193.243 - - [18/May/2024:22:46:03 +0500] "GET /wordpress/wp-includes/wlwmanifest.xml HTTP/1.0" 404 1062 "-" "Mozilla/5.0 (Windows NT 10.0; Win64; x64) AppleWebKit/537.36 (KHTML, like Gecko) Chrome/78.0.3904.108 Safari/537.36"
170.64.193.243 - - [18/May/2024:22:46:03 +0500] "GET /website/wp-includes/wlwmanifest.xml HTTP/1.0" 404 1062 "-" "Mozilla/5.0 (Windows NT 10.0; Win64; x64) AppleWebKit/537.36 (KHTML, like Gecko) Chrome/78.0.3904.108 Safari/537.36"
170.64.193.243 - - [18/May/2024:22:46:04 +0500] "GET /wp/wp-includes/wlwmanifest.xml HTTP/1.0" 404 1062 "-" "Mozilla/5.0 (Windows NT 10.0; Win64; x64) AppleWebKit/537.36 (KHTML, like Gecko) Chrome/78.0.3904.108 Safari/537.36"
170.64.193.243 - - [18/May/2024:22:46:04 +0500] "GET /news/wp-includes/wlwmanifest.xml HTTP/1.0" 404 1062 "-" "Mozilla/5.0 (Windows NT 10.0; Win64; x64) AppleWebKit/537.36 (KHTML, like Gecko) Chrome/78.0.3904.108 Safari/537.36"
170.64.193.243 - - [18/May/2024:22:46:04 +0500] "GET /2018/wp-includes/wlwmanifest.xml HTTP/1.0" 404 1062 "-" "Mozilla/5.0 (Windows NT 10.0; Win64; x64) AppleWebKit/537.36 (KHTML, like Gecko) Chrome/78.0.3904.108 Safari/537.36"
170.64.193.243 - - [18/May/2024:22:46:04 +0500] "GET /2019/wp-includes/wlwmanifest.xml HTTP/1.0" 404 1062 "-" "Mozilla/5.0 (Windows NT 10.0; Win64; x64) AppleWebKit/537.36 (KHTML, like Gecko) Chrome/78.0.3904.108 Safari/537.36"
170.64.193.243 - - [18/May/2024:22:46:05 +0500] "GET /shop/wp-includes/wlwmanifest.xml HTTP/1.0" 404 1062 "-" "Mozilla/5.0 (Windows NT 10.0; Win64; x64) AppleWebKit/537.36 (KHTML, like Gecko) Chrome/78.0.3904.108 Safari/537.36"
170.64.193.243 - - [18/May/2024:22:46:05 +0500] "GET /wp1/wp-includes/wlwmanifest.xml HTTP/1.0" 404 1062 "-" "Mozilla/5.0 (Windows NT 10.0; Win64; x64) AppleWebKit/537.36 (KHTML, like Gecko) Chrome/78.0.3904.108 Safari/537.36"
170.64.193.243 - - [18/May/2024:22:46:05 +0500] "GET /test/wp-includes/wlwmanifest.xml HTTP/1.0" 404 1062 "-" "Mozilla/5.0 (Windows NT 10.0; Win64; x64) AppleWebKit/537.36 (KHTML, like Gecko) Chrome/78.0.3904.108 Safari/537.36"
170.64.193.243 - - [18/May/2024:22:46:06 +0500] "GET /media/wp-includes/wlwmanifest.xml HTTP/1.0" 404 1062 "-" "Mozilla/5.0 (Windows NT 10.0; Win64; x64) AppleWebKit/537.36 (KHTML, like Gecko) Chrome/78.0.3904.108 Safari/537.36"
170.64.193.243 - - [18/May/2024:22:46:06 +0500] "GET /wp2/wp-includes/wlwmanifest.xml HTTP/1.0" 404 1062 "-" "Mozilla/5.0 (Windows NT 10.0; Win64; x64) AppleWebKit/537.36 (KHTML, like Gecko) Chrome/78.0.3904.108 Safari/537.36"
170.64.193.243 - - [18/May/2024:22:46:06 +0500] "GET /site/wp-includes/wlwmanifest.xml HTTP/1.0" 404 1062 "-" "Mozilla/5.0 (Windows NT 10.0; Win64; x64) AppleWebKit/537.36 (KHTML, like Gecko) Chrome/78.0.3904.108 Safari/537.36"
170.64.193.243 - - [18/May/2024:22:46:07 +0500] "GET /cms/wp-includes/wlwmanifest.xml HTTP/1.0" 404 1062 "-" "Mozilla/5.0 (Windows NT 10.0; Win64; x64) AppleWebKit/537.36 (KHTML, like Gecko) Chrome/78.0.3904.108 Safari/537.36"
170.64.193.243 - - [18/May/2024:22:46:07 +0500] "GET /sito/wp-includes/wlwmanifest.xml HTTP/1.0" 404 1062 "-" "Mozilla/5.0 (Windows NT 10.0; Win64; x64) AppleWebKit/537.36 (KHTML, like Gecko) Chrome/78.0.3904.108 Safari/537.36"
204.48.26.135 - - [19/May/2024:00:02:05 +0500] "GET / HTTP/1.0" 200 235 "-" "Mozilla/5.0 (Macintosh; Intel Mac OS X 10_15_7) AppleWebKit/537.36 (KHTML, like Gecko) Chrome/121.0.0.0 Safari/537.36"
191.102.187.12 - - [19/May/2024:03:07:07 +0500] "HEAD / HTTP/1.0" 200 271 "-" "Mozilla/5.0 (Macintosh; Intel Mac OS X 10_15_7) AppleWebKit/537.36 (KHTML, like Gecko) Chrome/107.0.0.0 Safari/537.36"
192.241.67.237 - - [19/May/2024:03:07:09 +0500] "GET / HTTP/1.0" 200 235 "-" "Mozilla/5.0 (Macintosh; Intel Mac OS X 10_15_7) AppleWebKit/537.36 (KHTML, like Gecko) Chrome/107.0.0.0 Safari/537.36"
18.207.117.86 - - [19/May/2024:03:07:10 +0500] "GET /favicon.ico HTTP/1.0" 404 1062 "-" "Mozilla/5.0 (Macintosh; Intel Mac OS X 10_15_7) AppleWebKit/537.36 (KHTML, like Gecko) Chrome/107.0.0.0 Safari/537.36"
44.212.57.230 - - [19/May/2024:03:07:10 +0500] "GET /favicon.ico HTTP/1.0" 404 1062 "-" "Mozilla/5.0 (Macintosh; Intel Mac OS X 10_15_7) AppleWebKit/537.36 (KHTML, like Gecko) Chrome/107.0.0.0 Safari/537.36"
193.34.75.143 - - [19/May/2024:03:07:11 +0500] "GET /favicon.png HTTP/1.0" 404 1062 "-" "Mozilla/5.0 (Macintosh; Intel Mac OS X 10_15_7) AppleWebKit/537.36 (KHTML, like Gecko) Chrome/107.0.0.0 Safari/537.36"
44.212.57.230 - - [19/May/2024:03:07:11 +0500] "GET /favicon.png HTTP/1.0" 404 1062 "-" "Mozilla/5.0 (Macintosh; Intel Mac OS X 10_15_7) AppleWebKit/537.36 (KHTML, like Gecko) Chrome/107.0.0.0 Safari/537.36"
152.42.188.98 - - [19/May/2024:03:07:27 +0500] "GET / HTTP/1.0" 200 235 "-" "Mozilla/5.0 (Windows NT 10.0; Win64; x64) AppleWebKit/537.36 (KHTML, like Gecko) Chrome/78.0.3904.108 Safari/537.36"
152.42.188.98 - - [19/May/2024:03:07:27 +0500] "GET / HTTP/1.0" 200 235 "-" "Mozilla/5.0 (Windows NT 10.0; Win64; x64) AppleWebKit/537.36 (KHTML, like Gecko) Chrome/78.0.3904.108 Safari/537.36"
152.42.188.98 - - [19/May/2024:03:07:27 +0500] "GET /wp-includes/wlwmanifest.xml HTTP/1.0" 404 1062 "-" "Mozilla/5.0 (Windows NT 10.0; Win64; x64) AppleWebKit/537.36 (KHTML, like Gecko) Chrome/78.0.3904.108 Safari/537.36"
152.42.188.98 - - [19/May/2024:03:07:27 +0500] "GET /xmlrpc.php?rsd HTTP/1.0" 404 1062 "-" "Mozilla/5.0 (Windows NT 10.0; Win64; x64) AppleWebKit/537.36 (KHTML, like Gecko) Chrome/78.0.3904.108 Safari/537.36"
152.42.188.98 - - [19/May/2024:03:07:27 +0500] "GET / HTTP/1.0" 200 235 "-" "Mozilla/5.0 (Windows NT 10.0; Win64; x64) AppleWebKit/537.36 (KHTML, like Gecko) Chrome/78.0.3904.108 Safari/537.36"
152.42.188.98 - - [19/May/2024:03:07:28 +0500] "GET /blog/wp-includes/wlwmanifest.xml HTTP/1.0" 404 1062 "-" "Mozilla/5.0 (Windows NT 10.0; Win64; x64) AppleWebKit/537.36 (KHTML, like Gecko) Chrome/78.0.3904.108 Safari/537.36"
152.42.188.98 - - [19/May/2024:03:07:28 +0500] "GET /web/wp-includes/wlwmanifest.xml HTTP/1.0" 404 1062 "-" "Mozilla/5.0 (Windows NT 10.0; Win64; x64) AppleWebKit/537.36 (KHTML, like Gecko) Chrome/78.0.3904.108 Safari/537.36"
152.42.188.98 - - [19/May/2024:03:07:28 +0500] "GET /wordpress/wp-includes/wlwmanifest.xml HTTP/1.0" 404 1062 "-" "Mozilla/5.0 (Windows NT 10.0; Win64; x64) AppleWebKit/537.36 (KHTML, like Gecko) Chrome/78.0.3904.108 Safari/537.36"
152.42.188.98 - - [19/May/2024:03:07:28 +0500] "GET /website/wp-includes/wlwmanifest.xml HTTP/1.0" 404 1062 "-" "Mozilla/5.0 (Windows NT 10.0; Win64; x64) AppleWebKit/537.36 (KHTML, like Gecko) Chrome/78.0.3904.108 Safari/537.36"
152.42.188.98 - - [19/May/2024:03:07:28 +0500] "GET /wp/wp-includes/wlwmanifest.xml HTTP/1.0" 404 1062 "-" "Mozilla/5.0 (Windows NT 10.0; Win64; x64) AppleWebKit/537.36 (KHTML, like Gecko) Chrome/78.0.3904.108 Safari/537.36"
152.42.188.98 - - [19/May/2024:03:07:28 +0500] "GET /news/wp-includes/wlwmanifest.xml HTTP/1.0" 404 1062 "-" "Mozilla/5.0 (Windows NT 10.0; Win64; x64) AppleWebKit/537.36 (KHTML, like Gecko) Chrome/78.0.3904.108 Safari/537.36"
152.42.188.98 - - [19/May/2024:03:07:28 +0500] "GET /2018/wp-includes/wlwmanifest.xml HTTP/1.0" 404 1062 "-" "Mozilla/5.0 (Windows NT 10.0; Win64; x64) AppleWebKit/537.36 (KHTML, like Gecko) Chrome/78.0.3904.108 Safari/537.36"
152.42.188.98 - - [19/May/2024:03:07:29 +0500] "GET /2019/wp-includes/wlwmanifest.xml HTTP/1.0" 404 1062 "-" "Mozilla/5.0 (Windows NT 10.0; Win64; x64) AppleWebKit/537.36 (KHTML, like Gecko) Chrome/78.0.3904.108 Safari/537.36"
152.42.188.98 - - [19/May/2024:03:07:29 +0500] "GET /shop/wp-includes/wlwmanifest.xml HTTP/1.0" 404 1062 "-" "Mozilla/5.0 (Windows NT 10.0; Win64; x64) AppleWebKit/537.36 (KHTML, like Gecko) Chrome/78.0.3904.108 Safari/537.36"
152.42.188.98 - - [19/May/2024:03:07:29 +0500] "GET /wp1/wp-includes/wlwmanifest.xml HTTP/1.0" 404 1062 "-" "Mozilla/5.0 (Windows NT 10.0; Win64; x64) AppleWebKit/537.36 (KHTML, like Gecko) Chrome/78.0.3904.108 Safari/537.36"
152.42.188.98 - - [19/May/2024:03:07:29 +0500] "GET /test/wp-includes/wlwmanifest.xml HTTP/1.0" 404 1062 "-" "Mozilla/5.0 (Windows NT 10.0; Win64; x64) AppleWebKit/537.36 (KHTML, like Gecko) Chrome/78.0.3904.108 Safari/537.36"
152.42.188.98 - - [19/May/2024:03:07:29 +0500] "GET /media/wp-includes/wlwmanifest.xml HTTP/1.0" 404 1062 "-" "Mozilla/5.0 (Windows NT 10.0; Win64; x64) AppleWebKit/537.36 (KHTML, like Gecko) Chrome/78.0.3904.108 Safari/537.36"
152.42.188.98 - - [19/May/2024:03:07:29 +0500] "GET /wp2/wp-includes/wlwmanifest.xml HTTP/1.0" 404 1062 "-" "Mozilla/5.0 (Windows NT 10.0; Win64; x64) AppleWebKit/537.36 (KHTML, like Gecko) Chrome/78.0.3904.108 Safari/537.36"
152.42.188.98 - - [19/May/2024:03:07:29 +0500] "GET /site/wp-includes/wlwmanifest.xml HTTP/1.0" 404 1062 "-" "Mozilla/5.0 (Windows NT 10.0; Win64; x64) AppleWebKit/537.36 (KHTML, like Gecko) Chrome/78.0.3904.108 Safari/537.36"
152.42.188.98 - - [19/May/2024:03:07:30 +0500] "GET /cms/wp-includes/wlwmanifest.xml HTTP/1.0" 404 1062 "-" "Mozilla/5.0 (Windows NT 10.0; Win64; x64) AppleWebKit/537.36 (KHTML, like Gecko) Chrome/78.0.3904.108 Safari/537.36"
152.42.188.98 - - [19/May/2024:03:07:30 +0500] "GET /sito/wp-includes/wlwmanifest.xml HTTP/1.0" 404 1062 "-" "Mozilla/5.0 (Windows NT 10.0; Win64; x64) AppleWebKit/537.36 (KHTML, like Gecko) Chrome/78.0.3904.108 Safari/537.36"
222.249.228.245 - - [19/May/2024:03:32:59 +0500] "GET /favicon.ico HTTP/1.0" 404 1062 "-" "Mozilla/5.0 (Windows NT 10.0; Win64; x64) AppleWebKit/537.36 (KHTML, like Gecko) Chrome/106.0.0.0 Safari/537.36 Edg/106.0.1370.37"
206.189.231.200 - - [19/May/2024:04:02:18 +0500] "GET / HTTP/1.0" 200 235 "-" "LG-LX550 AU-MIC-LX550/2.0 MMP/2.0 Profile/MIDP-2.0 Configuration/CLDC-1.1"
206.189.231.200 - - [19/May/2024:04:02:20 +0500] "GET / HTTP/1.0" 200 235 "-" "LG-LX550 AU-MIC-LX550/2.0 MMP/2.0 Profile/MIDP-2.0 Configuration/CLDC-1.1"
167.172.55.41 - - [18/May/2024:09:26:07 +0500] "GET / HTTP/1.1" 200 596 "-" "Mozilla/5.0 (Macintosh; Intel Mac OS X 10_15_7) AppleWebKit/537.36 (KHTML, like Gecko) Chrome/121.0.0.0 Safari/537.36"
206.189.231.200 - - [18/May/2024:11:24:18 +0500] "GET / HTTP/1.1" 200 596 "-" "Mozilla/5.0 (Windows NT 10.0; WOW64) AppleWebKit/537.36 (KHTML, like Gecko) Chrome/100.0.4896.136 Safari/537.36"
206.189.231.200 - - [18/May/2024:11:24:22 +0500] "GET / HTTP/1.1" 200 596 "-" "Mozilla/5.0 (Windows NT 10.0; WOW64) AppleWebKit/537.36 (KHTML, like Gecko) Chrome/100.0.4896.136 Safari/537.36"
178.33.107.250 - - [18/May/2024:11:39:23 +0500] "GET / HTTP/1.1" 200 596 "-" "Python/3.10 aiohttp/3.8.3"
35.90.113.98 - - [18/May/2024:15:27:39 +0500] "GET / HTTP/1.1" 200 596 "-" "Mozilla/5.0 (Windows NT 10.0; Win64; x64)AppleWebKit/537.36 (KHTML, like Gecko) Chrome/66.0.3359.181 Safari/537.36"
159.65.221.192 - - [18/May/2024:18:19:42 +0500] "GET / HTTP/1.1" 200 596 "-" "Mozilla/5.0 (Macintosh; Intel Mac OS X 10_15_7) AppleWebKit/537.36 (KHTML, like Gecko) Chrome/121.0.0.0 Safari/537.36"
35.205.159.124 - - [18/May/2024:18:31:33 +0500] "GET / HTTP/1.1" 200 1115 "-" "python-requests/2.23.0"
206.189.231.200 - - [18/May/2024:19:44:00 +0500] "GET / HTTP/1.1" 200 596 "-" "Go-http-client/1.1"
170.64.209.16 - - [18/May/2024:22:24:32 +0500] "GET / HTTP/1.1" 200 1115 "-" "Mozilla/5.0 (Windows NT 10.0; Win64; x64) AppleWebKit/537.36 (KHTML, like Gecko) Chrome/89.0.4389.114 Safari/537.36"
170.64.209.16 - - [18/May/2024:22:24:33 +0500] "GET / HTTP/1.1" 200 1115 "-" "Mozilla/5.0 (Windows NT 10.0; Win64; x64) AppleWebKit/537.36 (KHTML, like Gecko) Chrome/89.0.4389.114 Safari/537.36"
170.64.209.16 - - [18/May/2024:22:24:34 +0500] "GET / HTTP/1.1" 200 1115 "-" "Mozilla/5.0 (Windows NT 10.0; Win64; x64) AppleWebKit/537.36 (KHTML, like Gecko) Chrome/89.0.4389.114 Safari/537.36"
170.64.193.243 - - [18/May/2024:22:29:03 +0500] "GET / HTTP/1.1" 200 1115 "-" "Mozilla/5.0 (Windows NT 10.0; Win64; x64) AppleWebKit/537.36 (KHTML, like Gecko) Chrome/78.0.3904.108 Safari/537.36"
170.64.193.243 - - [18/May/2024:22:29:05 +0500] "GET / HTTP/1.1" 200 1115 "-" "Mozilla/5.0 (Windows NT 10.0; Win64; x64) AppleWebKit/537.36 (KHTML, like Gecko) Chrome/78.0.3904.108 Safari/537.36"
170.64.193.243 - - [18/May/2024:22:29:06 +0500] "GET / HTTP/1.1" 200 1115 "-" "Mozilla/5.0 (Windows NT 10.0; Win64; x64) AppleWebKit/537.36 (KHTML, like Gecko) Chrome/78.0.3904.108 Safari/537.36"
170.64.193.243 - - [18/May/2024:22:41:53 +0500] "GET / HTTP/1.1" 200 1115 "-" "Mozilla/5.0 (Windows NT 10.0; Win64; x64) AppleWebKit/537.36 (KHTML, like Gecko) Chrome/78.0.3904.108 Safari/537.36"
170.64.193.243 - - [18/May/2024:22:41:54 +0500] "GET / HTTP/1.1" 200 1115 "-" "Mozilla/5.0 (Windows NT 10.0; Win64; x64) AppleWebKit/537.36 (KHTML, like Gecko) Chrome/78.0.3904.108 Safari/537.36"
170.64.209.16 - - [18/May/2024:22:43:25 +0500] "GET / HTTP/1.1" 200 1115 "-" "Mozilla/5.0 (Windows NT 10.0; Win64; x64) AppleWebKit/537.36 (KHTML, like Gecko) Chrome/89.0.4389.114 Safari/537.36"
170.64.209.16 - - [18/May/2024:22:43:26 +0500] "GET / HTTP/1.1" 200 1115 "-" "Mozilla/5.0 (Windows NT 10.0; Win64; x64) AppleWebKit/537.36 (KHTML, like Gecko) Chrome/89.0.4389.114 Safari/537.36"
170.64.209.16 - - [18/May/2024:22:43:27 +0500] "GET / HTTP/1.1" 200 1115 "-" "Mozilla/5.0 (Windows NT 10.0; Win64; x64) AppleWebKit/537.36 (KHTML, like Gecko) Chrome/89.0.4389.114 Safari/537.36"
170.64.193.243 - - [18/May/2024:22:45:59 +0500] "GET / HTTP/1.1" 200 1115 "-" "Mozilla/5.0 (Windows NT 10.0; Win64; x64) AppleWebKit/537.36 (KHTML, like Gecko) Chrome/78.0.3904.108 Safari/537.36"
170.64.193.243 - - [18/May/2024:22:46:00 +0500] "GET / HTTP/1.1" 200 1115 "-" "Mozilla/5.0 (Windows NT 10.0; Win64; x64) AppleWebKit/537.36 (KHTML, like Gecko) Chrome/78.0.3904.108 Safari/537.36"
170.64.193.243 - - [18/May/2024:22:46:02 +0500] "GET / HTTP/1.1" 200 1115 "-" "Mozilla/5.0 (Windows NT 10.0; Win64; x64) AppleWebKit/537.36 (KHTML, like Gecko) Chrome/78.0.3904.108 Safari/537.36"
204.48.26.135 - - [19/May/2024:00:02:05 +0500] "GET / HTTP/1.1" 200 596 "-" "Mozilla/5.0 (Macintosh; Intel Mac OS X 10_15_7) AppleWebKit/537.36 (KHTML, like Gecko) Chrome/121.0.0.0 Safari/537.36"
192.241.67.237 - - [19/May/2024:03:07:09 +0500] "GET / HTTP/1.1" 200 596 "-" "Mozilla/5.0 (Macintosh; Intel Mac OS X 10_15_7) AppleWebKit/537.36 (KHTML, like Gecko) Chrome/107.0.0.0 Safari/537.36"
152.42.188.98 - - [19/May/2024:03:07:27 +0500] "GET / HTTP/1.1" 200 1115 "-" "Mozilla/5.0 (Windows NT 10.0; Win64; x64) AppleWebKit/537.36 (KHTML, like Gecko) Chrome/78.0.3904.108 Safari/537.36"
152.42.188.98 - - [19/May/2024:03:07:27 +0500] "GET / HTTP/1.1" 200 1115 "-" "Mozilla/5.0 (Windows NT 10.0; Win64; x64) AppleWebKit/537.36 (KHTML, like Gecko) Chrome/78.0.3904.108 Safari/537.36"
152.42.188.98 - - [19/May/2024:03:07:27 +0500] "GET / HTTP/1.1" 200 1115 "-" "Mozilla/5.0 (Windows NT 10.0; Win64; x64) AppleWebKit/537.36 (KHTML, like Gecko) Chrome/78.0.3904.108 Safari/537.36"
206.189.231.200 - - [19/May/2024:04:02:18 +0500] "GET / HTTP/1.1" 200 596 "-" "LG-LX550 AU-MIC-LX550/2.0 MMP/2.0 Profile/MIDP-2.0 Configuration/CLDC-1.1"
206.189.231.200 - - [19/May/2024:04:02:20 +0500] "GET / HTTP/1.1" 200 596 "-" "LG-LX550 AU-MIC-LX550/2.0 MMP/2.0 Profile/MIDP-2.0 Configuration/CLDC-1.1"
150.136.38.215 - - [19/May/2024:04:19:51 +0500] "GET / HTTP/1.0" 200 235 "-" "Mozilla/5.0 (Windows NT 10.0; Trident/7.0; AS; rv:11.0) like Gecko"
150.136.38.215 - - [19/May/2024:04:19:51 +0500] "GET / HTTP/1.1" 200 596 "-" "Mozilla/5.0 (Windows NT 10.0; Trident/7.0; AS; rv:11.0) like Gecko"
121.5.231.252 - - [19/May/2024:04:43:40 +0500] "GET / HTTP/1.0" 200 235 "-" "Mozilla/5.0 (Linux; Android 6.0; Nexus 5 Build/MRA58N) AppleWebKit/537.36 (KHTML, like Gecko) Chrome/81.0.4044.138 Mobile Safari/537.36"
188.119.112.182 - - [19/May/2024:06:51:15 +0500] "GET / HTTP/1.0" 200 235 "-" "python-requests/2.28.1"
35.238.93.116 - - [19/May/2024:12:35:13 +0500] "GET / HTTP/1.0" 200 235 "-" "Mozilla/5.0 (X11; Linux x86_64) AppleWebKit/537.36 (KHTML, like Gecko) Chrome/59.0.3071.104 Safari/537.36"
35.238.93.116 - - [19/May/2024:12:35:53 +0500] "GET / HTTP/1.0" 200 235 "-" "Mozilla/5.0 (X11; U; Linux i686; pt-PT; rv:1.9.2.3) Gecko/20100402 Iceweasel/3.6.3 (like Firefox/3.6.3) GTB7.0"
35.238.93.116 - - [19/May/2024:12:36:01 +0500] "GET / HTTP/1.0" 200 235 "-" "python-requests/2.31.0"
199.45.155.20 - - [19/May/2024:12:39:29 +0500] "GET / HTTP/1.0" 200 235 "-" "Mozilla/5.0 (compatible; CensysInspect/1.1; +https://about.censys.io/)"
199.45.155.20 - - [19/May/2024:12:39:33 +0500] "GET /favicon.ico HTTP/1.0" 404 1062 "-" "Mozilla/5.0 (compatible; CensysInspect/1.1; +https://about.censys.io/)"
206.189.231.200 - - [19/May/2024:13:18:15 +0500] "GET / HTTP/1.0" 200 235 "-" "Mozilla/5.0 (Linux; U; Android 4.0.3; en-us; KFTT Build/IML74K) AppleWebKit/535.19 (KHTML, like Gecko) Silk/2.1 Mobile Safari/535.19 Silk-Accelerated=true"
206.189.231.200 - - [19/May/2024:13:18:22 +0500] "GET / HTTP/1.0" 200 235 "-" "Mozilla/5.0 (Linux; U; Android 4.0.3; en-us; KFTT Build/IML74K) AppleWebKit/535.19 (KHTML, like Gecko) Silk/2.1 Mobile Safari/535.19 Silk-Accelerated=true"
188.119.112.182 - - [19/May/2024:15:01:15 +0500] "GET / HTTP/1.0" 200 235 "-" "python-requests/2.28.1"
54.245.135.140 - - [19/May/2024:15:27:25 +0500] "GET / HTTP/1.0" 200 235 "-" "Mozilla/5.0 (Windows NT 10.0; Win64; x64)AppleWebKit/537.36 (KHTML, like Gecko) Chrome/66.0.3359.181 Safari/537.36"
121.5.231.252 - - [19/May/2024:04:43:40 +0500] "GET / HTTP/1.1" 200 596 "-" "Mozilla/5.0 (Linux; Android 6.0; Nexus 5 Build/MRA58N) AppleWebKit/537.36 (KHTML, like Gecko) Chrome/81.0.4044.138 Mobile Safari/537.36"
188.119.112.182 - - [19/May/2024:06:51:15 +0500] "GET / HTTP/1.1" 200 596 "-" "python-requests/2.28.1"
